Archive member included because of file (symbol)

c:/program files (x86)/microchip/xc32/v2.20/bin/bin/../../lib/gcc/pic32mx/4.8.3/../../../../pic32mx/lib\libmchp_peripheral_32MX320F128H.a(int_configure_system_lib.o)
                              build/default/production/_ext/1700629049/BOARD.o (INTConfigureSystem)
c:/program files (x86)/microchip/xc32/v2.20/bin/bin/../../lib/gcc/pic32mx/4.8.3/../../../../pic32mx/lib\libmchp_peripheral_32MX320F128H.a(int_enable_interrupts_lib.o)
                              build/default/production/_ext/1700629049/BOARD.o (INTEnableInterrupts)
c:/program files (x86)/microchip/xc32/v2.20/bin/bin/../../lib/gcc/pic32mx/4.8.3/../../../../pic32mx/lib\libmchp_peripheral_32MX320F128H.a(int_tbl_lib.o)
                              build/default/production/_ext/1700629049/AD.o (INTClearFlag)
c:/program files (x86)/microchip/xc32/v2.20/bin/bin/../../lib/gcc/pic32mx/4.8.3/../../../../pic32mx/lib\libmchp_peripheral_32MX320F128H.a(power_sleep_lib.o)
                              build/default/production/_ext/1700629049/AD.o (PowerSaveSleep)
c:/program files (x86)/microchip/xc32/v2.20/bin/bin/../../lib/gcc/pic32mx/4.8.3/../../../../pic32mx/lib\libmchp_peripheral_32MX320F128H.a(port_set_pins_digital_in_lib.o)
                              build/default/production/_ext/1700629049/BOARD.o (PORTSetPinsDigitalIn)
c:/program files (x86)/microchip/xc32/v2.20/bin/bin/../../lib/gcc/pic32mx/4.8.3/../../../../pic32mx/lib\libmchp_peripheral_32MX320F128H.a(_ports_tbl_libp.o)
                              c:/program files (x86)/microchip/xc32/v2.20/bin/bin/../../lib/gcc/pic32mx/4.8.3/../../../../pic32mx/lib\libmchp_peripheral_32MX320F128H.a(port_set_pins_digital_in_lib.o) (PortRegTbl)
c:/program files (x86)/microchip/xc32/v2.20/bin/bin/../../lib/gcc/pic32mx/4.8.3/../../../../pic32mx/lib\libmchp_peripheral_32MX320F128H.a(uart_lib.o)
                              build/default/production/_ext/331920610/serial.o (UARTEnable)
c:/program files (x86)/microchip/xc32/v2.20/bin/bin/../../lib/gcc/pic32mx/4.8.3/../../../../pic32mx/lib\libmchp_peripheral_32MX320F128H.a(int_disable_interrupts_lib.o)
                              c:/program files (x86)/microchip/xc32/v2.20/bin/bin/../../lib/gcc/pic32mx/4.8.3/../../../../pic32mx/lib\libmchp_peripheral_32MX320F128H.a(power_sleep_lib.o) (INTDisableInterrupts)
c:/program files (x86)/microchip/xc32/v2.20/bin/bin/../../lib/gcc/pic32mx/4.8.3/../../../../pic32mx/lib\libmchp_peripheral_32MX320F128H.a(int_restore_interrupts_lib.o)
                              c:/program files (x86)/microchip/xc32/v2.20/bin/bin/../../lib/gcc/pic32mx/4.8.3/../../../../pic32mx/lib\libmchp_peripheral_32MX320F128H.a(power_sleep_lib.o) (INTRestoreInterrupts)
c:/program files (x86)/microchip/xc32/v2.20/bin/bin/../../lib/gcc/pic32mx/4.8.3\libgcc.a(floatunsisf.o)
                              build/default/production/_ext/1700629049/AD.o (__floatunsisf)
c:/program files (x86)/microchip/xc32/v2.20/bin/bin/../../lib/gcc/pic32mx/4.8.3/../../../../pic32mx/lib\libpic32.a(default-bootstrap-exception-handler.o)
                              C:\Users\lurmerca\AppData\Local\Temp\ccgNgkGF.o (_bootstrap_exception_handler)
c:/program files (x86)/microchip/xc32/v2.20/bin/bin/../../lib/gcc/pic32mx/4.8.3/../../../../pic32mx/lib\libpic32.a(default-on-reset.o)
                              C:\Users\lurmerca\AppData\Local\Temp\ccgNgkGF.o (_on_reset)
c:/program files (x86)/microchip/xc32/v2.20/bin/bin/../../lib/gcc/pic32mx/4.8.3/../../../../pic32mx/lib\libpic32.a(default-on-bootstrap.o)
                              C:\Users\lurmerca\AppData\Local\Temp\ccgNgkGF.o (_on_bootstrap)
c:/program files (x86)/microchip/xc32/v2.20/bin/bin/../../lib/gcc/pic32mx/4.8.3/../../../../pic32mx/lib\libpic32.a(default-nmi-handler.o)
                              C:\Users\lurmerca\AppData\Local\Temp\ccgNgkGF.o (_nmi_handler)
c:/program files (x86)/microchip/xc32/v2.20/bin/bin/../../lib/gcc/pic32mx/4.8.3/../../../../pic32mx/lib\libpic32.a(pic32_data_init.o)
                              C:\Users\lurmerca\AppData\Local\Temp\ccgNgkGF.o (__pic32_data_init)
c:/program files (x86)/microchip/xc32/v2.20/bin/bin/../../lib/gcc/pic32mx/4.8.3/../../../../pic32mx/lib\libpic32.a(general-exception.o)
                              C:\Users\lurmerca\AppData\Local\Temp\ccgNgkGF.o (_general_exception_context)
c:/program files (x86)/microchip/xc32/v2.20/bin/bin/../../lib/gcc/pic32mx/4.8.3/../../../../pic32mx/lib\libpic32.a(vector0.o)
                              C:\Users\lurmerca\AppData\Local\Temp\ccOGeTBM.o (__vector_dispatch_0)
c:/program files (x86)/microchip/xc32/v2.20/bin/bin/../../lib/gcc/pic32mx/4.8.3/../../../../pic32mx/lib\libpic32.a(vector1.o)
                              C:\Users\lurmerca\AppData\Local\Temp\ccOGeTBM.o (__vector_dispatch_1)
c:/program files (x86)/microchip/xc32/v2.20/bin/bin/../../lib/gcc/pic32mx/4.8.3/../../../../pic32mx/lib\libpic32.a(vector2.o)
[...]
Memory Configuration

Name             Origin             Length             Attributes
kseg0_program_mem 0x9d002000         0x0001d000         xr
kseg0_boot_mem   0x9d000490         0x00000970
exception_mem    0x9d001000         0x00001000
kseg1_boot_mem   0xbd000000         0x00000490
debug_exec_mem   0xbfc02000         0x00000ff0
config3          0xbfc02ff0         0x00000004
config2          0xbfc02ff4         0x00000004
config1          0xbfc02ff8         0x00000004
config0          0xbfc02ffc         0x00000004
kseg1_data_mem   0xa0000000         0x00004000         w !x
sfrs             0xbf800000         0x00100000
configsfrs       0xbfc02ff0         0x00000010
*default*        0x00000000         0xffffffff

Linker script and memory map

LOAD c:/program files (x86)/microchip/xc32/v2.20/bin/bin/../../lib/gcc/pic32mx/4.8.3/../../../../pic32mx/lib\debug-exception-return.o
LOAD build/default/production/_ext/1700629049/AD.o
LOAD build/default/production/_ext/1700629049/BOARD.o
LOAD build/default/production/_ext/1700629049/ES_CheckEvents.o
LOAD build/default/production/_ext/1700629049/ES_Framework.o
LOAD build/default/production/_ext/1700629049/ES_KeyboardInput.o
LOAD build/default/production/_ext/1700629049/ES_PostList.o
LOAD build/default/production/_ext/1700629049/ES_Queue.o
LOAD build/default/production/_ext/1700629049/ES_TattleTale.o
LOAD build/default/production/_ext/1700629049/ES_Timers.o
LOAD build/default/production/_ext/1700629049/pwm.o
LOAD build/default/production/_ext/1700629049/Robot.o
LOAD build/default/production/_ext/1772898800/RobotHSM.o
LOAD build/default/production/_ext/1772898800/SubHSM_Pursue.o
LOAD build/default/production/_ext/1772898800/SubHSM_Destroy.o
LOAD build/default/production/_ext/1772898800/SubHSM_Escape.o
LOAD build/default/production/_ext/1772898800/RobotBumper.o
LOAD build/default/production/_ext/1772898800/TapeSensor.o
LOAD build/default/production/_ext/1772898800/TrackWire.o
LOAD build/default/production/_ext/331920610/serial.o
LOAD build/default/production/_ext/399613070/Main.o
LOAD build/default/production/_ext/1772898800/Beacon.o
LOAD build/default/production/_ext/1772898800/SubHSM_Lookout.o
LOAD build/default/production/_ext/1772898800/SubHSM_Search.o
                0x00000001                __MPLAB_BUILD = 0x1
                0x00000400                PROVIDE (_min_stack_size, 0x400)
LOAD c:/program files (x86)/microchip/xc32/v2.20/bin/bin/../../lib/gcc/pic32mx/4.8.3/../../../../pic32mx/lib/./proc/32MX320F128H\processor.o
START GROUP
LOAD c:/program files (x86)/microchip/xc32/v2.20/bin/bin/../../lib/gcc/pic32mx/4.8.3/../../../../pic32mx/lib\libmchp_peripheral.a
END GROUP
START GROUP
LOAD c:/program files (x86)/microchip/xc32/v2.20/bin/bin/../../lib/gcc/pic32mx/4.8.3/../../../../pic32mx/lib\libmchp_peripheral_32MX320F128H.a
END GROUP
                0x00000001                PROVIDE (_vector_spacing, 0x1)
                0x9d001000                _ebase_address = 0x9d001000
                0xbd000000                _RESET_ADDR = 0xbd000000
                0xbd000380                _BEV_EXCPT_ADDR = 0xbd000380
                0xbd000480                _DBG_EXCPT_ADDR = 0xbd000480
                0xbfc02000                _DBG_CODE_ADDR = 0xbfc02000
                0x00000ff0                _DBG_CODE_SIZE = 0xff0
                0x9d001180                _GEN_EXCPT_ADDR = (_ebase_address + 0x180)

.config_BFC02FF0
 *(.config_BFC02FF0)

.config_BFC02FF4
 *(.config_BFC02FF4)

.config_BFC02FF8
 *(.config_BFC02FF8)

.config_BFC02FFC
 *(.config_BFC02FFC)
                0xbfc02000                PROVIDE (_DBG_CODE_ADDR, 0xbfc02000)
                0x00000ff0                PROVIDE (_DBG_CODE_SIZE, 0xff0)

.reset          0xbd000000      0x19c
 *(.reset)
 .reset         0xbd000000        0x8 C:\Users\lurmerca\AppData\Local\Temp\ccgNgkGF.o
                0xbd000000                _reset
 *(.reset.startup)
 .reset.startup
                0xbd000008      0x194 C:\Users\lurmerca\AppData\Local\Temp\ccgNgkGF.o
                0xbd000008                _startup

.bev_excpt      0xbd000380       0x10
 *(.bev_handler)
 .bev_handler   0xbd000380       0x10 C:\Users\lurmerca\AppData\Local\Temp\ccgNgkGF.o

.dbg_excpt      0xbd000480        0x0
                0xbd000480                . = (. + DEFINED (_DEBUGGER)?0x8:0x0)

.dbg_code       0xbfc02000        0x0
                0xbfc02000                . = (. + DEFINED (_DEBUGGER)?_DBG_CODE_SIZE:0x0)

.app_excpt      0x9d001180       0x10
 *(.gen_handler)
 .gen_handler   0x9d001180       0x10 C:\Users\lurmerca\AppData\Local\Temp\ccgNgkGF.o

.vector_0       0x9d001200        0x8
 *(.vector_0)
 .vector_0      0x9d001200        0x8 c:/program files (x86)/microchip/xc32/v2.20/bin/bin/../../lib/gcc/pic32mx/4.8.3/../../../../pic32mx/lib\libpic32.a(vector0.o)
                0x9d001200                __vector_dispatch_0
                0x00000001                ASSERT (((_vector_spacing == 0x0) || (SIZEOF (.vector_0) <= (_vector_spacing << 0x5))), function at exception vector 0 too large)

.vector_1       0x9d001220        0x8
 *(.vector_1)
 .vector_1      0x9d001220        0x8 c:/program files (x86)/microchip/xc32/v2.20/bin/bin/../../lib/gcc/pic32mx/4.8.3/../../../../pic32mx/lib\libpic32.a(vector1.o)
                0x9d001220                __vector_dispatch_1
                0x00000001                ASSERT (((_vector_spacing == 0x0) || (SIZEOF (.vector_1) <= (_vector_spacing << 0x5))), function at exception vector 1 too large)

.vector_2       0x9d001240        0x8
 *(.vector_2)
 .vector_2      0x9d001240        0x8 c:/program files (x86)/microchip/xc32/v2.20/bin/bin/../../lib/gcc/pic32mx/4.8.3/../../../../pic32mx/lib\libpic32.a(vector2.o)
                0x9d001240                __vector_dispatch_2
                0x00000001                ASSERT (((_vector_spacing == 0x0) || (SIZEOF (.vector_2) <= (_vector_spacing << 0x5))), function at exception vector 2 too large)

.vector_3       0x9d001260        0x8
 *(.vector_3)
 .vector_3      0x9d001260        0x8 c:/program files (x86)/microchip/xc32/v2.20/bin/bin/../../lib/gcc/pic32mx/4.8.3/../../../../pic32mx/lib\libpic32.a(vector3.o)
                0x9d001260                __vector_dispatch_3
                0x00000001                ASSERT (((_vector_spacing == 0x0) || (SIZEOF (.vector_3) <= (_vector_spacing << 0x5))), function at exception vector 3 too large)

.vector_4       0x9d001280        0x8
 *(.vector_4)
 .vector_4      0x9d001280        0x8 build/default/production/_ext/1700629049/ES_Timers.o
                0x9d001280                __vector_dispatch_4
                0x00000001                ASSERT (((_vector_spacing == 0x0) || (SIZEOF (.vector_4) <= (_vector_spacing << 0x5))), function at exception vector 4 too large)

.vector_5       0x9d0012a0        0x8
 *(.vector_5)
 .vector_5      0x9d0012a0        0x8 c:/program files (x86)/microchip/xc32/v2.20/bin/bin/../../lib/gcc/pic32mx/4.8.3/../../../../pic32mx/lib\libpic32.a(vector5.o)
                0x9d0012a0                __vector_dispatch_5
                0x00000001                ASSERT (((_vector_spacing == 0x0) || (SIZEOF (.vector_5) <= (_vector_spacing << 0x5))), function at exception vector 5 too large)

.vector_6       0x9d0012c0        0x8
 *(.vector_6)
 .vector_6      0x9d0012c0        0x8 c:/program files (x86)/microchip/xc32/v2.20/bin/bin/../../lib/gcc/pic32mx/4.8.3/../../../../pic32mx/lib\libpic32.a(vector6.o)
                0x9d0012c0                __vector_dispatch_6
                0x00000001                ASSERT (((_vector_spacing == 0x0) || (SIZEOF (.vector_6) <= (_vector_spacing << 0x5))), function at exception vector 6 too large)

.vector_7       0x9d0012e0        0x8
 *(.vector_7)
 .vector_7      0x9d0012e0        0x8 c:/program files (x86)/microchip/xc32/v2.20/bin/bin/../../lib/gcc/pic32mx/4.8.3/../../../../pic32mx/lib\libpic32.a(vector7.o)
                0x9d0012e0                __vector_dispatch_7
                0x00000001                ASSERT (((_vector_spacing == 0x0) || (SIZEOF (.vector_7) <= (_vector_spacing << 0x5))), function at exception vector 7 too large)

.vector_8       0x9d001300        0x8
 *(.vector_8)
 .vector_8      0x9d001300        0x8 c:/program files (x86)/microchip/xc32/v2.20/bin/bin/../../lib/gcc/pic32mx/4.8.3/../../../../pic32mx/lib\libpic32.a(vector8.o)
                0x9d001300                __vector_dispatch_8
                0x00000001                ASSERT (((_vector_spacing == 0x0) || (SIZEOF (.vector_8) <= (_vector_spacing << 0x5))), function at exception vector 8 too large)

.vector_9       0x9d001320        0x8
 *(.vector_9)
 .vector_9      0x9d001320        0x8 c:/program files (x86)/microchip/xc32/v2.20/bin/bin/../../lib/gcc/pic32mx/4.8.3/../../../../pic32mx/lib\libpic32.a(vector9.o)
                0x9d001320                __vector_dispatch_9
                0x00000001                ASSERT (((_vector_spacing == 0x0) || (SIZEOF (.vector_9) <= (_vector_spacing << 0x5))), function at exception vector 9 too large)

.vector_10      0x9d001340        0x8
 *(.vector_10)
 .vector_10     0x9d001340        0x8 c:/program files (x86)/microchip/xc32/v2.20/bin/bin/../../lib/gcc/pic32mx/4.8.3/../../../../pic32mx/lib\libpic32.a(vector10.o)
                0x9d001340                __vector_dispatch_10
                0x00000001                ASSERT (((_vector_spacing == 0x0) || (SIZEOF (.vector_10) <= (_vector_spacing << 0x5))), function at exception vector 10 too large)

.vector_11      0x9d001360        0x8
 *(.vector_11)
 .vector_11     0x9d001360        0x8 c:/program files (x86)/microchip/xc32/v2.20/bin/bin/../../lib/gcc/pic32mx/4.8.3/../../../../pic32mx/lib\libpic32.a(vector11.o)
                0x9d001360                __vector_dispatch_11
                0x00000001                ASSERT (((_vector_spacing == 0x0) || (SIZEOF (.vector_11) <= (_vector_spacing << 0x5))), function at exception vector 11 too large)

.vector_12      0x9d001380        0x8
 *(.vector_12)
 .vector_12     0x9d001380        0x8 c:/program files (x86)/microchip/xc32/v2.20/bin/bin/../../lib/gcc/pic32mx/4.8.3/../../../../pic32mx/lib\libpic32.a(vector12.o)
                0x9d001380                __vector_dispatch_12
                0x00000001                ASSERT (((_vector_spacing == 0x0) || (SIZEOF (.vector_12) <= (_vector_spacing << 0x5))), function at exception vector 12 too large)

.vector_13      0x9d0013a0        0x8
 *(.vector_13)
 .vector_13     0x9d0013a0        0x8 c:/program files (x86)/microchip/xc32/v2.20/bin/bin/../../lib/gcc/pic32mx/4.8.3/../../../../pic32mx/lib\libpic32.a(vector13.o)
                0x9d0013a0                __vector_dispatch_13
                0x00000001                ASSERT (((_vector_spacing == 0x0) || (SIZEOF (.vector_13) <= (_vector_spacing << 0x5))), function at exception vector 13 too large)

.vector_14      0x9d0013c0        0x8
 *(.vector_14)
 .vector_14     0x9d0013c0        0x8 c:/program files (x86)/microchip/xc32/v2.20/bin/bin/../../lib/gcc/pic32mx/4.8.3/../../../../pic32mx/lib\libpic32.a(vector14.o)
                0x9d0013c0                __vector_dispatch_14
                0x00000001                ASSERT (((_vector_spacing == 0x0) || (SIZEOF (.vector_14) <= (_vector_spacing << 0x5))), function at exception vector 14 too large)

.vector_15      0x9d0013e0        0x8
 *(.vector_15)
 .vector_15     0x9d0013e0        0x8 c:/program files (x86)/microchip/xc32/v2.20/bin/bin/../../lib/gcc/pic32mx/4.8.3/../../../../pic32mx/lib\libpic32.a(vector15.o)
                0x9d0013e0                __vector_dispatch_15
                0x00000001                ASSERT (((_vector_spacing == 0x0) || (SIZEOF (.vector_15) <= (_vector_spacing << 0x5))), function at exception vector 15 too large)

.vector_16      0x9d001400        0x8
 *(.vector_16)
 .vector_16     0x9d001400        0x8 c:/program files (x86)/microchip/xc32/v2.20/bin/bin/../../lib/gcc/pic32mx/4.8.3/../../../../pic32mx/lib\libpic32.a(vector16.o)
                0x9d001400                __vector_dispatch_16
                0x00000001                ASSERT (((_vector_spacing == 0x0) || (SIZEOF (.vector_16) <= (_vector_spacing << 0x5))), function at exception vector 16 too large)

.vector_17      0x9d001420        0x8
 *(.vector_17)
 .vector_17     0x9d001420        0x8 c:/program files (x86)/microchip/xc32/v2.20/bin/bin/../../lib/gcc/pic32mx/4.8.3/../../../../pic32mx/lib\libpic32.a(vector17.o)
                0x9d001420                __vector_dispatch_17
                0x00000001                ASSERT (((_vector_spacing == 0x0) || (SIZEOF (.vector_17) <= (_vector_spacing << 0x5))), function at exception vector 17 too large)

.vector_18      0x9d001440        0x8
 *(.vector_18)
 .vector_18     0x9d001440        0x8 c:/program files (x86)/microchip/xc32/v2.20/bin/bin/../../lib/gcc/pic32mx/4.8.3/../../../../pic32mx/lib\libpic32.a(vector18.o)
                0x9d001440                __vector_dispatch_18
                0x00000001                ASSERT (((_vector_spacing == 0x0) || (SIZEOF (.vector_18) <= (_vector_spacing << 0x5))), function at exception vector 18 too large)

.vector_19      0x9d001460        0x8
 *(.vector_19)
 .vector_19     0x9d001460        0x8 c:/program files (x86)/microchip/xc32/v2.20/bin/bin/../../lib/gcc/pic32mx/4.8.3/../../../../pic32mx/lib\libpic32.a(vector19.o)
                0x9d001460                __vector_dispatch_19
                0x00000001                ASSERT (((_vector_spacing == 0x0) || (SIZEOF (.vector_19) <= (_vector_spacing << 0x5))), function at exception vector 19 too large)

.vector_20      0x9d001480        0x8
 *(.vector_20)
 .vector_20     0x9d001480        0x8 c:/program files (x86)/microchip/xc32/v2.20/bin/bin/../../lib/gcc/pic32mx/4.8.3/../../../../pic32mx/lib\libpic32.a(vector20.o)
                0x9d001480                __vector_dispatch_20
                0x00000001                ASSERT (((_vector_spacing == 0x0) || (SIZEOF (.vector_20) <= (_vector_spacing << 0x5))), function at exception vector 20 too large)

.vector_21      0x9d0014a0        0x8
 *(.vector_21)
 .vector_21     0x9d0014a0        0x8 c:/program files (x86)/microchip/xc32/v2.20/bin/bin/../../lib/gcc/pic32mx/4.8.3/../../../../pic32mx/lib\libpic32.a(vector21.o)
                0x9d0014a0                __vector_dispatch_21
                0x00000001                ASSERT (((_vector_spacing == 0x0) || (SIZEOF (.vector_21) <= (_vector_spacing << 0x5))), function at exception vector 21 too large)

.vector_22      0x9d0014c0        0x8
 *(.vector_22)
 .vector_22     0x9d0014c0        0x8 c:/program files (x86)/microchip/xc32/v2.20/bin/bin/../../lib/gcc/pic32mx/4.8.3/../../../../pic32mx/lib\libpic32.a(vector22.o)
                0x9d0014c0                __vector_dispatch_22
                0x00000001                ASSERT (((_vector_spacing == 0x0) || (SIZEOF (.vector_22) <= (_vector_spacing << 0x5))), function at exception vector 22 too large)

.vector_23      0x9d0014e0        0x8
 *(.vector_23)
 .vector_23     0x9d0014e0        0x8 c:/program files (x86)/microchip/xc32/v2.20/bin/bin/../../lib/gcc/pic32mx/4.8.3/../../../../pic32mx/lib\libpic32.a(vector23.o)
                0x9d0014e0                __vector_dispatch_23
                0x00000001                ASSERT (((_vector_spacing == 0x0) || (SIZEOF (.vector_23) <= (_vector_spacing << 0x5))), function at exception vector 23 too large)

.vector_24      0x9d001500        0x8
 *(.vector_24)
 .vector_24     0x9d001500        0x8 build/default/production/_ext/331920610/serial.o
                0x9d001500                __vector_dispatch_24
                0x00000001                ASSERT (((_vector_spacing == 0x0) || (SIZEOF (.vector_24) <= (_vector_spacing << 0x5))), function at exception vector 24 too large)

.vector_25      0x9d001520        0x8
 *(.vector_25)
 .vector_25     0x9d001520        0x8 c:/program files (x86)/microchip/xc32/v2.20/bin/bin/../../lib/gcc/pic32mx/4.8.3/../../../../pic32mx/lib\libpic32.a(vector25.o)
                0x9d001520                __vector_dispatch_25
                0x00000001                ASSERT (((_vector_spacing == 0x0) || (SIZEOF (.vector_25) <= (_vector_spacing << 0x5))), function at exception vector 25 too large)

.vector_26      0x9d001540        0x8
 *(.vector_26)
 .vector_26     0x9d001540        0x8 c:/program files (x86)/microchip/xc32/v2.20/bin/bin/../../lib/gcc/pic32mx/4.8.3/../../../../pic32mx/lib\libpic32.a(vector26.o)
                0x9d001540                __vector_dispatch_26
                0x00000001                ASSERT (((_vector_spacing == 0x0) || (SIZEOF (.vector_26) <= (_vector_spacing << 0x5))), function at exception vector 26 too large)

.vector_27      0x9d001560        0x8
 *(.vector_27)
 .vector_27     0x9d001560        0x8 build/default/production/_ext/1700629049/AD.o
                0x9d001560                __vector_dispatch_27
                0x00000001                ASSERT (((_vector_spacing == 0x0) || (SIZEOF (.vector_27) <= (_vector_spacing << 0x5))), function at exception vector 27 too large)

.vector_28      0x9d001580        0x8
 *(.vector_28)
 .vector_28     0x9d001580        0x8 c:/program files (x86)/microchip/xc32/v2.20/bin/bin/../../lib/gcc/pic32mx/4.8.3/../../../../pic32mx/lib\libpic32.a(vector28.o)
                0x9d001580                __vector_dispatch_28
                0x00000001                ASSERT (((_vector_spacing == 0x0) || (SIZEOF (.vector_28) <= (_vector_spacing << 0x5))), function at exception vector 28 too large)

.vector_29      0x9d0015a0        0x8
 *(.vector_29)
 .vector_29     0x9d0015a0        0x8 c:/program files (x86)/microchip/xc32/v2.20/bin/bin/../../lib/gcc/pic32mx/4.8.3/../../../../pic32mx/lib\libpic32.a(vector29.o)
                0x9d0015a0                __vector_dispatch_29
                0x00000001                ASSERT (((_vector_spacing == 0x0) || (SIZEOF (.vector_29) <= (_vector_spacing << 0x5))), function at exception vector 29 too large)

.vector_30      0x9d0015c0        0x8
 *(.vector_30)
 .vector_30     0x9d0015c0        0x8 c:/program files (x86)/microchip/xc32/v2.20/bin/bin/../../lib/gcc/pic32mx/4.8.3/../../../../pic32mx/lib\libpic32.a(vector30.o)
                0x9d0015c0                __vector_dispatch_30
                0x00000001                ASSERT (((_vector_spacing == 0x0) || (SIZEOF (.vector_30) <= (_vector_spacing << 0x5))), function at exception vector 30 too large)

.vector_31      0x9d0015e0        0x8
 *(.vector_31)
 .vector_31     0x9d0015e0        0x8 c:/program files (x86)/microchip/xc32/v2.20/bin/bin/../../lib/gcc/pic32mx/4.8.3/../../../../pic32mx/lib\libpic32.a(vector31.o)
                0x9d0015e0                __vector_dispatch_31
                0x00000001                ASSERT (((_vector_spacing == 0x0) || (SIZEOF (.vector_31) <= (_vector_spacing << 0x5))), function at exception vector 31 too large)

.vector_32      0x9d001600        0x8
 *(.vector_32)
 .vector_32     0x9d001600        0x8 c:/program files (x86)/microchip/xc32/v2.20/bin/bin/../../lib/gcc/pic32mx/4.8.3/../../../../pic32mx/lib\libpic32.a(vector32.o)
                0x9d001600                __vector_dispatch_32
                0x00000001                ASSERT (((_vector_spacing == 0x0) || (SIZEOF (.vector_32) <= (_vector_spacing << 0x5))), function at exception vector 32 too large)

.vector_33      0x9d001620        0x8
 *(.vector_33)
 .vector_33     0x9d001620        0x8 c:/program files (x86)/microchip/xc32/v2.20/bin/bin/../../lib/gcc/pic32mx/4.8.3/../../../../pic32mx/lib\libpic32.a(vector33.o)
                0x9d001620                __vector_dispatch_33
                0x00000001                ASSERT (((_vector_spacing == 0x0) || (SIZEOF (.vector_33) <= (_vector_spacing << 0x5))), function at exception vector 33 too large)

.vector_34      0x9d001640        0x8
 *(.vector_34)
 .vector_34     0x9d001640        0x8 c:/program files (x86)/microchip/xc32/v2.20/bin/bin/../../lib/gcc/pic32mx/4.8.3/../../../../pic32mx/lib\libpic32.a(vector34.o)
                0x9d001640                __vector_dispatch_34
                0x00000001                ASSERT (((_vector_spacing == 0x0) || (SIZEOF (.vector_34) <= (_vector_spacing << 0x5))), function at exception vector 34 too large)

.vector_35      0x9d001660        0x8
 *(.vector_35)
 .vector_35     0x9d001660        0x8 c:/program files (x86)/microchip/xc32/v2.20/bin/bin/../../lib/gcc/pic32mx/4.8.3/../../../../pic32mx/lib\libpic32.a(vector35.o)
                0x9d001660                __vector_dispatch_35
                0x00000001                ASSERT (((_vector_spacing == 0x0) || (SIZEOF (.vector_35) <= (_vector_spacing << 0x5))), function at exception vector 35 too large)

.vector_36      0x9d001680        0x8
 *(.vector_36)
 .vector_36     0x9d001680        0x8 c:/program files (x86)/microchip/xc32/v2.20/bin/bin/../../lib/gcc/pic32mx/4.8.3/../../../../pic32mx/lib\libpic32.a(vector36.o)
                0x9d001680                __vector_dispatch_36
                0x00000001                ASSERT (((_vector_spacing == 0x0) || (SIZEOF (.vector_36) <= (_vector_spacing << 0x5))), function at exception vector 36 too large)

.vector_37      0x9d0016a0        0x8
 *(.vector_37)
 .vector_37     0x9d0016a0        0x8 c:/program files (x86)/microchip/xc32/v2.20/bin/bin/../../lib/gcc/pic32mx/4.8.3/../../../../pic32mx/lib\libpic32.a(vector37.o)
                0x9d0016a0                __vector_dispatch_37
                0x00000001                ASSERT (((_vector_spacing == 0x0) || (SIZEOF (.vector_37) <= (_vector_spacing << 0x5))), function at exception vector 37 too large)

.vector_38      0x9d0016c0        0x8
 *(.vector_38)
 .vector_38     0x9d0016c0        0x8 c:/program files (x86)/microchip/xc32/v2.20/bin/bin/../../lib/gcc/pic32mx/4.8.3/../../../../pic32mx/lib\libpic32.a(vector38.o)
                0x9d0016c0                __vector_dispatch_38
                0x00000001                ASSERT (((_vector_spacing == 0x0) || (SIZEOF (.vector_38) <= (_vector_spacing << 0x5))), function at exception vector 38 too large)

.vector_39      0x9d0016e0        0x8
 *(.vector_39)
 .vector_39     0x9d0016e0        0x8 c:/program files (x86)/microchip/xc32/v2.20/bin/bin/../../lib/gcc/pic32mx/4.8.3/../../../../pic32mx/lib\libpic32.a(vector39.o)
                0x9d0016e0                __vector_dispatch_39
                0x00000001                ASSERT (((_vector_spacing == 0x0) || (SIZEOF (.vector_39) <= (_vector_spacing << 0x5))), function at exception vector 39 too large)

.vector_40      0x9d001700        0x8
 *(.vector_40)
 .vector_40     0x9d001700        0x8 c:/program files (x86)/microchip/xc32/v2.20/bin/bin/../../lib/gcc/pic32mx/4.8.3/../../../../pic32mx/lib\libpic32.a(vector40.o)
                0x9d001700                __vector_dispatch_40
                0x00000001                ASSERT (((_vector_spacing == 0x0) || (SIZEOF (.vector_40) <= (_vector_spacing << 0x5))), function at exception vector 40 too large)

.vector_41      0x9d001720        0x8
 *(.vector_41)
 .vector_41     0x9d001720        0x8 c:/program files (x86)/microchip/xc32/v2.20/bin/bin/../../lib/gcc/pic32mx/4.8.3/../../../../pic32mx/lib\libpic32.a(vector41.o)
                0x9d001720                __vector_dispatch_41
                0x00000001                ASSERT (((_vector_spacing == 0x0) || (SIZEOF (.vector_41) <= (_vector_spacing << 0x5))), function at exception vector 41 too large)

.vector_42      0x9d001740        0x8
 *(.vector_42)
 .vector_42     0x9d001740        0x8 c:/program files (x86)/microchip/xc32/v2.20/bin/bin/../../lib/gcc/pic32mx/4.8.3/../../../../pic32mx/lib\libpic32.a(vector42.o)
                0x9d001740                __vector_dispatch_42
                0x00000001                ASSERT (((_vector_spacing == 0x0) || (SIZEOF (.vector_42) <= (_vector_spacing << 0x5))), function at exception vector 42 too large)

.vector_43      0x9d001760        0x8
 *(.vector_43)
 .vector_43     0x9d001760        0x8 c:/program files (x86)/microchip/xc32/v2.20/bin/bin/../../lib/gcc/pic32mx/4.8.3/../../../../pic32mx/lib\libpic32.a(vector43.o)
                0x9d001760                __vector_dispatch_43
                0x00000001                ASSERT (((_vector_spacing == 0x0) || (SIZEOF (.vector_43) <= (_vector_spacing << 0x5))), function at exception vector 43 too large)

.vector_44      0x9d001780        0x8
 *(.vector_44)
 .vector_44     0x9d001780        0x8 c:/program files (x86)/microchip/xc32/v2.20/bin/bin/../../lib/gcc/pic32mx/4.8.3/../../../../pic32mx/lib\libpic32.a(vector44.o)
                0x9d001780                __vector_dispatch_44
                0x00000001                ASSERT (((_vector_spacing == 0x0) || (SIZEOF (.vector_44) <= (_vector_spacing << 0x5))), function at exception vector 44 too large)

.vector_45      0x9d0017a0        0x0
 *(.vector_45)
                0x00000001                ASSERT (((_vector_spacing == 0x0) || (SIZEOF (.vector_45) <= (_vector_spacing << 0x5))), function at exception vector 45 too large)

.vector_46      0x9d0017c0        0x0
 *(.vector_46)
                0x00000001                ASSERT (((_vector_spacing == 0x0) || (SIZEOF (.vector_46) <= (_vector_spacing << 0x5))), function at exception vector 46 too large)

.vector_47      0x9d0017e0        0x0
 *(.vector_47)
                0x00000001                ASSERT (((_vector_spacing == 0x0) || (SIZEOF (.vector_47) <= (_vector_spacing << 0x5))), function at exception vector 47 too large)

.vector_48      0x9d001800        0x0
 *(.vector_48)
                0x00000001                ASSERT (((_vector_spacing == 0x0) || (SIZEOF (.vector_48) <= (_vector_spacing << 0x5))), function at exception vector 48 too large)

.vector_49      0x9d001820        0x0
 *(.vector_49)
                0x00000001                ASSERT (((_vector_spacing == 0x0) || (SIZEOF (.vector_49) <= (_vector_spacing << 0x5))), function at exception vector 49 too large)

.vector_50      0x9d001840        0x0
 *(.vector_50)
                0x00000001                ASSERT (((_vector_spacing == 0x0) || (SIZEOF (.vector_50) <= (_vector_spacing << 0x5))), function at exception vector 50 too large)

.vector_51      0x9d001860        0x0
 *(.vector_51)
                0x00000001                ASSERT (((_vector_spacing == 0x0) || (SIZEOF (.vector_51) <= (_vector_spacing << 0x5))), function at exception vector 51 too large)

.vector_52      0x9d001880        0x0
 *(.vector_52)
                0x00000001                ASSERT (((_vector_spacing == 0x0) || (SIZEOF (.vector_52) <= (_vector_spacing << 0x5))), function at exception vector 52 too large)

.vector_53      0x9d0018a0        0x0
 *(.vector_53)
                0x00000001                ASSERT (((_vector_spacing == 0x0) || (SIZEOF (.vector_53) <= (_vector_spacing << 0x5))), function at exception vector 53 too large)

.vector_54      0x9d0018c0        0x0
 *(.vector_54)
                0x00000001                ASSERT (((_vector_spacing == 0x0) || (SIZEOF (.vector_54) <= (_vector_spacing << 0x5))), function at exception vector 54 too large)

.vector_55      0x9d0018e0        0x0
 *(.vector_55)
                0x00000001                ASSERT (((_vector_spacing == 0x0) || (SIZEOF (.vector_55) <= (_vector_spacing << 0x5))), function at exception vector 55 too large)

.vector_56      0x9d001900        0x0
 *(.vector_56)
                0x00000001                ASSERT (((_vector_spacing == 0x0) || (SIZEOF (.vector_56) <= (_vector_spacing << 0x5))), function at exception vector 56 too large)

.vector_57      0x9d001920        0x0
 *(.vector_57)
                0x00000001                ASSERT (((_vector_spacing == 0x0) || (SIZEOF (.vector_57) <= (_vector_spacing << 0x5))), function at exception vector 57 too large)

.vector_58      0x9d001940        0x0
 *(.vector_58)
                0x00000001                ASSERT (((_vector_spacing == 0x0) || (SIZEOF (.vector_58) <= (_vector_spacing << 0x5))), function at exception vector 58 too large)

.vector_59      0x9d001960        0x0
 *(.vector_59)
                0x00000001                ASSERT (((_vector_spacing == 0x0) || (SIZEOF (.vector_59) <= (_vector_spacing << 0x5))), function at exception vector 59 too large)

.vector_60      0x9d001980        0x0
 *(.vector_60)
                0x00000001                ASSERT (((_vector_spacing == 0x0) || (SIZEOF (.vector_60) <= (_vector_spacing << 0x5))), function at exception vector 60 too large)

.vector_61      0x9d0019a0        0x0
 *(.vector_61)
                0x00000001                ASSERT (((_vector_spacing == 0x0) || (SIZEOF (.vector_61) <= (_vector_spacing << 0x5))), function at exception vector 61 too large)

.vector_62      0x9d0019c0        0x0
 *(.vector_62)
                0x00000001                ASSERT (((_vector_spacing == 0x0) || (SIZEOF (.vector_62) <= (_vector_spacing << 0x5))), function at exception vector 62 too large)

.vector_63      0x9d0019e0        0x0
 *(.vector_63)
                0x00000001                ASSERT (((_vector_spacing == 0x0) || (SIZEOF (.vector_63) <= (_vector_spacing << 0x5))), function at exception vector 63 too large)

.startup
 *(.startup)

.text           0x9d002000        0x0
 *(.stub .gnu.linkonce.t.*)
 *(.text.*personality*)
 *(.mips16.fn.*)
 *(.mips16.call.*)
 *(.gnu.warning)
                0x9d002000                . = ALIGN (0x4)

.init           0x9d002000        0x0
 *crti.o(.init)
 *crtbegin.o(.init)
 *(EXCLUDE_FILE(*crtn.o *crtend?.o *crtend.o) .init)
 *crtend.o(.init)
 *crtn.o(.init)
                0x9d002000                . = ALIGN (0x4)

.fini           0x9d002000        0x0
 *(.fini)
                0x9d002000                . = ALIGN (0x4)

.preinit_array  0x9d002000        0x0
                0x9d002000                PROVIDE (__preinit_array_start, .)
 *(.preinit_array)
                0x9d002000                PROVIDE (__preinit_array_end, .)
                0x9d002000                . = ALIGN (0x4)

.init_array     0x9d002000        0x0
                0x9d002000                PROVIDE (__init_array_start, .)
 *(SORT(.init_array.*))
 *(.init_array)
                0x9d002000                PROVIDE (__init_array_end, .)
                0x9d002000                . = ALIGN (0x4)

.fini_array     0x9d002000        0x0
                0x9d002000                PROVIDE (__fini_array_start, .)
 *(SORT(.fini_array.*))
 *(.fini_array)
                0x9d002000                PROVIDE (__fini_array_end, .)
                0x9d002000                . = ALIGN (0x4)

.ctors          0x9d002000        0x0
 *crtbegin.o(.ctors)
 *crtbegin?.o(.ctors)
 *(EXCLUDE_FILE(*crtend?.o *crtend.o) .ctors)
 *(SORT(.ctors.*))
 *(.ctors)
                0x9d002000                . = ALIGN (0x4)

.dtors          0x9d002000        0x0
 *crtbegin.o(.dtors)
 *crtbegin?.o(.dtors)
 *(EXCLUDE_FILE(*crtend?.o *crtend.o) .dtors)
 *(SORT(.dtors.*))
 *(.dtors)
                0x9d002000                . = ALIGN (0x4)

.rodata         0x9d002000        0x0
 *(.gnu.linkonce.r.*)
 *(.rodata1)
                0x9d002000                . = ALIGN (0x4)

.sdata2         0x9d000490        0x0
 *(.sdata2 .sdata2.* .gnu.linkonce.s2.*)
                0x9d000490                . = ALIGN (0x4)

.sbss2          0x9d000490        0x0
 *(.sbss2 .sbss2.* .gnu.linkonce.sb2.*)
                0x9d000490                . = ALIGN (0x4)

.eh_frame_hdr
 *(.eh_frame_hdr)
                0x9d000490                . = ALIGN (0x4)

.eh_frame
 *(.eh_frame)
                0x9d000490                . = ALIGN (0x4)

.gcc_except_table
 *(.gcc_except_table .gcc_except_table.*)
                0x9d000490                . = ALIGN (0x4)

.dbg_data       0xa0000000        0x0
                0xa0000000                . = (. + DEFINED (_DEBUGGER)?0x200:0x0)

.jcr            0xa0000000        0x0
 *(.jcr)
                0xa0000000                . = ALIGN (0x4)

.eh_frame
 *(.eh_frame)
                0xa0000000                . = ALIGN (0x4)

.gcc_except_table
 *(.gcc_except_table .gcc_except_table.*)
                0xa0000000                . = ALIGN (0x4)

.persist        0xa0000000        0x0
                0xa0000000                _persist_begin = .
 *(.persist .persist.*)
 *(.pbss .pbss.*)
                0xa0000000                . = ALIGN (0x4)
                0xa0000000                _persist_end = .

.data           0xa0000000        0x0
 *(.gnu.linkonce.d.*)
 *(.data1)
                0xa0000000                . = ALIGN (0x4)
                0xa0000000                . = .
                0xa0007ff0                _gp = (ALIGN (0x10) + 0x7ff0)

.got            0xa0000000        0x0
 *(.got.plt)
 *(.got)
                0xa0000000                . = ALIGN (0x4)

.sdata          0xa0000000       0x30
                0xa0000000                _sdata_begin = .
 *(.sdata .sdata.* .gnu.linkonce.s.*)
 .sdata         0xa0000000        0x4 build/default/production/_ext/1700629049/AD.o
 .sdata         0xa0000004        0x4 build/default/production/_ext/1772898800/SubHSM_Pursue.o
 .sdata         0xa0000008        0x4 build/default/production/_ext/1772898800/SubHSM_Destroy.o
 .sdata         0xa000000c        0xc build/default/production/_ext/1772898800/RobotBumper.o
 .sdata         0xa0000018        0xc build/default/production/_ext/1772898800/TapeSensor.o
 .sdata         0xa0000024        0x4 build/default/production/_ext/1772898800/TrackWire.o
 .sdata         0xa0000028        0x4 build/default/production/_ext/1772898800/Beacon.o
 .sdata         0xa000002c        0x4 c:/program files (x86)/microchip/xc32/v2.20/bin/bin/../../lib/gcc/pic32mx/4.8.3/../../../../pic32mx/lib\liblega-c.a(_iobdata.o)
                0xa000002c                _libc_data
                0xa0000030                . = ALIGN (0x4)
                0xa0000030                _sdata_end = .

.lit8
 *(.lit8)

.lit4
 *(.lit4)
                0xa0000030                . = ALIGN (0x4)
                0xa0000030                _data_end = .
                0xa0000030                _bss_begin = .

.sbss           0xa0000030       0xb4
                0xa0000030                _sbss_begin = .
 *(.dynsbss)
 *(.sbss .sbss.* .gnu.linkonce.sb.*)
 .sbss          0xa0000030       0x24 build/default/production/_ext/1700629049/AD.o
 .sbss          0xa0000054        0x8 build/default/production/_ext/1700629049/ES_Framework.o
 .sbss          0xa000005c        0x1 build/default/production/_ext/1700629049/ES_KeyboardInput.o
 *fill*         0xa000005d        0x3 
 .sbss          0xa0000060       0x30 build/default/production/_ext/1700629049/ES_Timers.o
 .sbss          0xa0000090        0xc build/default/production/_ext/1700629049/pwm.o
 .sbss          0xa000009c        0x8 build/default/production/_ext/1772898800/RobotHSM.o
 .sbss          0xa00000a4        0x8 build/default/production/_ext/1772898800/SubHSM_Pursue.o
 .sbss          0xa00000ac        0x8 build/default/production/_ext/1772898800/SubHSM_Destroy.o
 .sbss          0xa00000b4        0x8 build/default/production/_ext/1772898800/SubHSM_Escape.o
 .sbss          0xa00000bc        0x1 build/default/production/_ext/1772898800/RobotBumper.o
 .sbss          0xa00000bd        0x1 build/default/production/_ext/1772898800/TapeSensor.o
 .sbss          0xa00000be        0x1 build/default/production/_ext/1772898800/TrackWire.o
 .sbss          0xa00000bf        0x4 build/default/production/_ext/331920610/serial.o
 .sbss          0xa00000c3        0x1 build/default/production/_ext/1772898800/Beacon.o
 .sbss          0xa00000c4        0x8 build/default/production/_ext/1772898800/SubHSM_Lookout.o
 .sbss          0xa00000cc        0x8 build/default/production/_ext/1772898800/SubHSM_Search.o
 .sbss          0xa00000d4        0x4 c:/program files (x86)/microchip/xc32/v2.20/bin/bin/../../lib/gcc/pic32mx/4.8.3/../../../../pic32mx/lib\liblega-c.a(errno.o)
                0xa00000d4                errno
 *(.scommon)
 .scommon       0xa00000d8        0x1 build/default/production/_ext/1700629049/ES_Framework.o
                0xa00000d8                Ready
 *fill*         0xa00000d9        0x3 
 .scommon       0xa00000dc        0x8 build/default/production/_ext/331920610/serial.o
                0xa00000dc                transmitBuffer
                0xa00000e0                receiveBuffer
                0xa00000e4                _sbss_end = .
                0xa00000e4                . = ALIGN (0x4)

.bss            0xa00000e4      0x420
 *(.dynbss)
 *(COMMON)
 COMMON         0xa00000e4      0x420 build/default/production/_ext/331920610/serial.o
                0xa00000e4                outgoingUart
                0xa00002f4                incomingUart
                0xa0000504                . = ALIGN ((. != 0x0)?0x4:0x1)
                0xa0000504                . = ALIGN (0x4)
                0xa0000504                _end = .
                0xa0000504                _bss_end = .
                0x00004000                _bmxdudba_address = 0x4000
                0x00004000                _bmxdupba_address = 0x4000

/DISCARD/
 *(.pdr)
 *(.rel.dyn)
 *(.note.GNU-stack)
 *(.note.GNU-stack)
 *(.gnu_debuglink)
 *(.gnu.lto_*)
 *(.discard)

.gptab.sdata
 *(.gptab.data)
 *(.gptab.sdata)

.gptab.sbss
 *(.gptab.bss)
 *(.gptab.sbss)

.mdebug.abi32   0xa0000504        0x0
 *(.mdebug.abi32)
 .mdebug.abi32  0xa0000504        0x0 build/default/production/_ext/1700629049/AD.o
 .mdebug.abi32  0xa0000504        0x0 build/default/production/_ext/1700629049/BOARD.o
 .mdebug.abi32  0xa0000504        0x0 build/default/production/_ext/1700629049/ES_CheckEvents.o
 .mdebug.abi32  0xa0000504        0x0 build/default/production/_ext/1700629049/ES_Framework.o
 .mdebug.abi32  0xa0000504        0x0 build/default/production/_ext/1700629049/ES_KeyboardInput.o
 .mdebug.abi32  0xa0000504        0x0 build/default/production/_ext/1700629049/ES_PostList.o
 .mdebug.abi32  0xa0000504        0x0 build/default/production/_ext/1700629049/ES_Queue.o
 .mdebug.abi32  0xa0000504        0x0 build/default/production/_ext/1700629049/ES_TattleTale.o
 .mdebug.abi32  0xa0000504        0x0 build/default/production/_ext/1700629049/ES_Timers.o
 .mdebug.abi32  0xa0000504        0x0 build/default/production/_ext/1700629049/pwm.o
 .mdebug.abi32  0xa0000504        0x0 build/default/production/_ext/1700629049/Robot.o
 .mdebug.abi32  0xa0000504        0x0 build/default/production/_ext/1772898800/RobotHSM.o
 .mdebug.abi32  0xa0000504        0x0 build/default/production/_ext/1772898800/SubHSM_Pursue.o
 .mdebug.abi32  0xa0000504        0x0 build/default/production/_ext/1772898800/SubHSM_Destroy.o
 .mdebug.abi32  0xa0000504        0x0 build/default/production/_ext/1772898800/SubHSM_Escape.o
 .mdebug.abi32  0xa0000504        0x0 build/default/production/_ext/1772898800/RobotBumper.o
 .mdebug.abi32  0xa0000504        0x0 build/default/production/_ext/1772898800/TapeSensor.o
 .mdebug.abi32  0xa0000504        0x0 build/default/production/_ext/1772898800/TrackWire.o
 .mdebug.abi32  0xa0000504        0x0 build/default/production/_ext/331920610/serial.o
 .mdebug.abi32  0xa0000504        0x0 build/default/production/_ext/399613070/Main.o
 .mdebug.abi32  0xa0000504        0x0 build/default/production/_ext/1772898800/Beacon.o
 .mdebug.abi32  0xa0000504        0x0 build/default/production/_ext/1772898800/SubHSM_Lookout.o
 .mdebug.abi32  0xa0000504        0x0 build/default/production/_ext/1772898800/SubHSM_Search.o
 .mdebug.abi32  0xa0000504        0x0 c:/program files (x86)/microchip/xc32/v2.20/bin/bin/../../lib/gcc/pic32mx/4.8.3/../../../../pic32mx/lib\libmchp_peripheral_32MX320F128H.a(int_configure_system_lib.o)
 .mdebug.abi32  0xa0000504        0x0 c:/program files (x86)/microchip/xc32/v2.20/bin/bin/../../lib/gcc/pic32mx/4.8.3/../../../../pic32mx/lib\libmchp_peripheral_32MX320F128H.a(int_enable_interrupts_lib.o)
 .mdebug.abi32  0xa0000504        0x0 c:/program files (x86)/microchip/xc32/v2.20/bin/bin/../../lib/gcc/pic32mx/4.8.3/../../../../pic32mx/lib\libmchp_peripheral_32MX320F128H.a(int_tbl_lib.o)
 .mdebug.abi32  0xa0000504        0x0 c:/program files (x86)/microchip/xc32/v2.20/bin/bin/../../lib/gcc/pic32mx/4.8.3/../../../../pic32mx/lib\libmchp_peripheral_32MX320F128H.a(power_sleep_lib.o)
 .mdebug.abi32  0xa0000504        0x0 c:/program files (x86)/microchip/xc32/v2.20/bin/bin/../../lib/gcc/pic32mx/4.8.3/../../../../pic32mx/lib\libmchp_peripheral_32MX320F128H.a(port_set_pins_digital_in_lib.o)
 .mdebug.abi32  0xa0000504        0x0 c:/program files (x86)/microchip/xc32/v2.20/bin/bin/../../lib/gcc/pic32mx/4.8.3/../../../../pic32mx/lib\libmchp_peripheral_32MX320F128H.a(_ports_tbl_libp.o)
 .mdebug.abi32  0xa0000504        0x0 c:/program files (x86)/microchip/xc32/v2.20/bin/bin/../../lib/gcc/pic32mx/4.8.3/../../../../pic32mx/lib\libmchp_peripheral_32MX320F128H.a(uart_lib.o)
 .mdebug.abi32  0xa0000504        0x0 c:/program files (x86)/microchip/xc32/v2.20/bin/bin/../../lib/gcc/pic32mx/4.8.3/../../../../pic32mx/lib\libmchp_peripheral_32MX320F128H.a(int_disable_interrupts_lib.o)
 .mdebug.abi32  0xa0000504        0x0 c:/program files (x86)/microchip/xc32/v2.20/bin/bin/../../lib/gcc/pic32mx/4.8.3/../../../../pic32mx/lib\libmchp_peripheral_32MX320F128H.a(int_restore_interrupts_lib.o)
 .mdebug.abi32  0xa0000504        0x0 c:/program files (x86)/microchip/xc32/v2.20/bin/bin/../../lib/gcc/pic32mx/4.8.3\libgcc.a(floatunsisf.o)
 .mdebug.abi32  0xa0000504        0x0 c:/program files (x86)/microchip/xc32/v2.20/bin/bin/../../lib/gcc/pic32mx/4.8.3/../../../../pic32mx/lib\libpic32.a(default-bootstrap-exception-handler.o)
 .mdebug.abi32  0xa0000504        0x0 c:/program files (x86)/microchip/xc32/v2.20/bin/bin/../../lib/gcc/pic32mx/4.8.3/../../../../pic32mx/lib\libpic32.a(default-on-reset.o)
 .mdebug.abi32  0xa0000504        0x0 c:/program files (x86)/microchip/xc32/v2.20/bin/bin/../../lib/gcc/pic32mx/4.8.3/../../../../pic32mx/lib\libpic32.a(default-on-bootstrap.o)
 .mdebug.abi32  0xa0000504        0x0 c:/program files (x86)/microchip/xc32/v2.20/bin/bin/../../lib/gcc/pic32mx/4.8.3/../../../../pic32mx/lib\libpic32.a(default-general-exception-handler.o)
 .mdebug.abi32  0xa0000504        0x0 c:/program files (x86)/microchip/xc32/v2.20/bin/bin/../../lib/gcc/pic32mx/4.8.3/../../../../pic32mx/lib\libpic32.a(defaultinterrupt.o)
 .mdebug.abi32  0xa0000504        0x0 c:/program files (x86)/microchip/xc32/v2.20/bin/bin/../../lib/gcc/pic32mx/4.8.3/../../../../pic32mx/lib\liblega-c.a(fputs.o)
 .mdebug.abi32  0xa0000504        0x0 c:/program files (x86)/microchip/xc32/v2.20/bin/bin/../../lib/gcc/pic32mx/4.8.3/../../../../pic32mx/lib\liblega-c.a(printf_cdnopuxX.eo)
 .mdebug.abi32  0xa0000504        0x0 c:/program files (x86)/microchip/xc32/v2.20/bin/bin/../../lib/gcc/pic32mx/4.8.3/../../../../pic32mx/lib\liblega-c.a(strlen.o)
 .mdebug.abi32  0xa0000504        0x0 c:/program files (x86)/microchip/xc32/v2.20/bin/bin/../../lib/gcc/pic32mx/4.8.3/../../../../pic32mx/lib\liblega-c.a(_doprnt_cdnopuxX.eo)
 .mdebug.abi32  0xa0000504        0x0 c:/program files (x86)/microchip/xc32/v2.20/bin/bin/../../lib/gcc/pic32mx/4.8.3/../../../../pic32mx/lib\liblega-c.a(_iobdata.o)
 .mdebug.abi32  0xa0000504        0x0 c:/program files (x86)/microchip/xc32/v2.20/bin/bin/../../lib/gcc/pic32mx/4.8.3/../../../../pic32mx/lib\liblega-c.a(_iobfuncs.o)
 .mdebug.abi32  0xa0000504        0x0 c:/program files (x86)/microchip/xc32/v2.20/bin/bin/../../lib/gcc/pic32mx/4.8.3/../../../../pic32mx/lib\liblega-c.a(fputc.o)
 .mdebug.abi32  0xa0000504        0x0 c:/program files (x86)/microchip/xc32/v2.20/bin/bin/../../lib/gcc/pic32mx/4.8.3/../../../../pic32mx/lib\liblega-c.a(errno.o)
 .mdebug.abi32  0xa0000504        0x0 c:/program files (x86)/microchip/xc32/v2.20/bin/bin/../../lib/gcc/pic32mx/4.8.3\libgcc.a(_udivdi3.o)
 .mdebug.abi32  0xa0000504        0x0 c:/program files (x86)/microchip/xc32/v2.20/bin/bin/../../lib/gcc/pic32mx/4.8.3\libgcc.a(_umoddi3.o)
 .mdebug.abi32  0xa0000504        0x0 c:/program files (x86)/microchip/xc32/v2.20/bin/bin/../../lib/gcc/pic32mx/4.8.3/../../../../pic32mx/lib\libpic32.a(_mon_write.o)

.mdebug.abiN32
 *(.mdebug.abiN32)

.mdebug.abi64
 *(.mdebug.abi64)

.mdebug.abiO64
 *(.mdebug.abiO64)

.mdebug.eabi32
 *(.mdebug.eabi32)

.mdebug.eabi64
 *(.mdebug.eabi64)

.gcc_compiled_long32
 *(.gcc_compiled_long32)

.gcc_compiled_long64
 *(.gcc_compiled_long64)

.stab
 *(.stab)

.stabstr
 *(.stabstr)

.stab.excl
 *(.stab.excl)

.stab.exclstr
 *(.stab.exclstr)

.stab.index
 *(.stab.index)

.stab.indexstr
 *(.stab.indexstr)

.comment        0x00000000      0x2ff
 *(.comment)
 .comment       0x00000000       0x3c build/default/production/_ext/1700629049/AD.o
                                 0x3d (size before relaxing)
 .comment       0x00000000       0x3d build/default/production/_ext/1700629049/BOARD.o
 .comment       0x00000000       0x3d build/default/production/_ext/1700629049/ES_CheckEvents.o
 .comment       0x00000000       0x3d build/default/production/_ext/1700629049/ES_Framework.o
 .comment       0x00000000       0x3d build/default/production/_ext/1700629049/ES_KeyboardInput.o
 .comment       0x00000000       0x3d build/default/production/_ext/1700629049/ES_PostList.o
 .comment       0x00000000       0x3d build/default/production/_ext/1700629049/ES_Queue.o
 .comment       0x00000000       0x3d build/default/production/_ext/1700629049/ES_TattleTale.o
 .comment       0x00000000       0x3d build/default/production/_ext/1700629049/ES_Timers.o
 .comment       0x00000000       0x3d build/default/production/_ext/1700629049/pwm.o
 .comment       0x00000000       0x3d build/default/production/_ext/1700629049/Robot.o
 .comment       0x00000000       0x3d build/default/production/_ext/1772898800/RobotHSM.o
 .comment       0x00000000       0x3d build/default/production/_ext/1772898800/SubHSM_Pursue.o
 .comment       0x00000000       0x3d build/default/production/_ext/1772898800/SubHSM_Destroy.o
 .comment       0x00000000       0x3d build/default/production/_ext/1772898800/SubHSM_Escape.o
 .comment       0x00000000       0x3d build/default/production/_ext/1772898800/RobotBumper.o
 .comment       0x00000000       0x3d build/default/production/_ext/1772898800/TapeSensor.o
 .comment       0x00000000       0x3d build/default/production/_ext/1772898800/TrackWire.o
 .comment       0x00000000       0x3d build/default/production/_ext/331920610/serial.o
 .comment       0x00000000       0x3d build/default/production/_ext/399613070/Main.o
 .comment       0x00000000       0x3d build/default/production/_ext/1772898800/Beacon.o
 .comment       0x00000000       0x3d build/default/production/_ext/1772898800/SubHSM_Lookout.o
 .comment       0x00000000       0x3d build/default/production/_ext/1772898800/SubHSM_Search.o
 .comment       0x0000003c       0x3c c:/program files (x86)/microchip/xc32/v2.20/bin/bin/../../lib/gcc/pic32mx/4.8.3/../../../../pic32mx/lib\libmchp_peripheral_32MX320F128H.a(int_configure_system_lib.o)
                                 0x3d (size before relaxing)
 .comment       0x00000000       0x3d c:/program files (x86)/microchip/xc32/v2.20/bin/bin/../../lib/gcc/pic32mx/4.8.3/../../../../pic32mx/lib\libmchp_peripheral_32MX320F128H.a(int_enable_interrupts_lib.o)
 .comment       0x00000000       0x3d c:/program files (x86)/microchip/xc32/v2.20/bin/bin/../../lib/gcc/pic32mx/4.8.3/../../../../pic32mx/lib\libmchp_peripheral_32MX320F128H.a(int_tbl_lib.o)
 .comment       0x00000000       0x3d c:/program files (x86)/microchip/xc32/v2.20/bin/bin/../../lib/gcc/pic32mx/4.8.3/../../../../pic32mx/lib\libmchp_peripheral_32MX320F128H.a(power_sleep_lib.o)
 .comment       0x00000000       0x3d c:/program files (x86)/microchip/xc32/v2.20/bin/bin/../../lib/gcc/pic32mx/4.8.3/../../../../pic32mx/lib\libmchp_peripheral_32MX320F128H.a(port_set_pins_digital_in_lib.o)
 .comment       0x00000000       0x3d c:/program files (x86)/microchip/xc32/v2.20/bin/bin/../../lib/gcc/pic32mx/4.8.3/../../../../pic32mx/lib\libmchp_peripheral_32MX320F128H.a(_ports_tbl_libp.o)
 .comment       0x00000000       0x3d c:/program files (x86)/microchip/xc32/v2.20/bin/bin/../../lib/gcc/pic32mx/4.8.3/../../../../pic32mx/lib\libmchp_peripheral_32MX320F128H.a(uart_lib.o)
 .comment       0x00000000       0x3d c:/program files (x86)/microchip/xc32/v2.20/bin/bin/../../lib/gcc/pic32mx/4.8.3/../../../../pic32mx/lib\libmchp_peripheral_32MX320F128H.a(int_disable_interrupts_lib.o)
 .comment       0x00000000       0x3d c:/program files (x86)/microchip/xc32/v2.20/bin/bin/../../lib/gcc/pic32mx/4.8.3/../../../../pic32mx/lib\libmchp_peripheral_32MX320F128H.a(int_restore_interrupts_lib.o)
 .comment       0x00000000       0x3d c:/program files (x86)/microchip/xc32/v2.20/bin/bin/../../lib/gcc/pic32mx/4.8.3\libgcc.a(floatunsisf.o)
 .comment       0x00000000       0x3d c:/program files (x86)/microchip/xc32/v2.20/bin/bin/../../lib/gcc/pic32mx/4.8.3/../../../../pic32mx/lib\libpic32.a(default-bootstrap-exception-handler.o)
 .comment       0x00000000       0x3d c:/program files (x86)/microchip/xc32/v2.20/bin/bin/../../lib/gcc/pic32mx/4.8.3/../../../../pic32mx/lib\libpic32.a(default-on-reset.o)
 .comment       0x00000000       0x3d c:/program files (x86)/microchip/xc32/v2.20/bin/bin/../../lib/gcc/pic32mx/4.8.3/../../../../pic32mx/lib\libpic32.a(default-on-bootstrap.o)
 .comment       0x00000000       0x3d c:/program files (x86)/microchip/xc32/v2.20/bin/bin/../../lib/gcc/pic32mx/4.8.3/../../../../pic32mx/lib\libpic32.a(default-general-exception-handler.o)
 .comment       0x00000000       0x3d c:/program files (x86)/microchip/xc32/v2.20/bin/bin/../../lib/gcc/pic32mx/4.8.3/../../../../pic32mx/lib\libpic32.a(defaultinterrupt.o)
 .comment       0x00000078       0x50 c:/program files (x86)/microchip/xc32/v2.20/bin/bin/../../lib/gcc/pic32mx/4.8.3/../../../../pic32mx/lib\liblega-c.a(fputs.o)
                                 0x8d (size before relaxing)
 .comment       0x000000c8       0x51 c:/program files (x86)/microchip/xc32/v2.20/bin/bin/../../lib/gcc/pic32mx/4.8.3/../../../../pic32mx/lib\liblega-c.a(printf_cdnopuxX.eo)
                                 0x8e (size before relaxing)
 .comment       0x00000119       0x4f c:/program files (x86)/microchip/xc32/v2.20/bin/bin/../../lib/gcc/pic32mx/4.8.3/../../../../pic32mx/lib\liblega-c.a(strlen.o)
                                 0x8c (size before relaxing)
 .comment       0x00000168       0x52 c:/program files (x86)/microchip/xc32/v2.20/bin/bin/../../lib/gcc/pic32mx/4.8.3/../../../../pic32mx/lib\liblega-c.a(_doprnt_cdnopuxX.eo)
                                 0x8f (size before relaxing)
 .comment       0x000001ba       0x53 c:/program files (x86)/microchip/xc32/v2.20/bin/bin/../../lib/gcc/pic32mx/4.8.3/../../../../pic32mx/lib\liblega-c.a(_iobdata.o)
                                 0x90 (size before relaxing)
 .comment       0x0000020d       0x54 c:/program files (x86)/microchip/xc32/v2.20/bin/bin/../../lib/gcc/pic32mx/4.8.3/../../../../pic32mx/lib\liblega-c.a(_iobfuncs.o)
                                 0x91 (size before relaxing)
 .comment       0x00000261       0x50 c:/program files (x86)/microchip/xc32/v2.20/bin/bin/../../lib/gcc/pic32mx/4.8.3/../../../../pic32mx/lib\liblega-c.a(fputc.o)
                                 0x8d (size before relaxing)
 .comment       0x000002b1       0x4e c:/program files (x86)/microchip/xc32/v2.20/bin/bin/../../lib/gcc/pic32mx/4.8.3/../../../../pic32mx/lib\liblega-c.a(errno.o)
                                 0x8b (size before relaxing)
 .comment       0x00000000       0x3d c:/program files (x86)/microchip/xc32/v2.20/bin/bin/../../lib/gcc/pic32mx/4.8.3\libgcc.a(_udivdi3.o)
 .comment       0x00000000       0x3d c:/program files (x86)/microchip/xc32/v2.20/bin/bin/../../lib/gcc/pic32mx/4.8.3\libgcc.a(_umoddi3.o)
 .comment       0x00000000       0x3d c:/program files (x86)/microchip/xc32/v2.20/bin/bin/../../lib/gcc/pic32mx/4.8.3/../../../../pic32mx/lib\libpic32.a(_mon_write.o)

.debug
 *(.debug)

.line
 *(.line)

.debug_srcinfo
 *(.debug_srcinfo)

.debug_sfnames
 *(.debug_sfnames)

.debug_aranges  0x00000000      0x568
 *(.debug_aranges)
 .debug_aranges
                0x00000000       0x20 build/default/production/_ext/1700629049/AD.o
 .debug_aranges
                0x00000020       0x20 build/default/production/_ext/1700629049/BOARD.o
 .debug_aranges
                0x00000040       0x20 build/default/production/_ext/1700629049/ES_CheckEvents.o
 .debug_aranges
                0x00000060       0x20 build/default/production/_ext/1700629049/ES_Framework.o
 .debug_aranges
                0x00000080       0x20 build/default/production/_ext/1700629049/ES_KeyboardInput.o
 .debug_aranges
                0x000000a0       0x18 build/default/production/_ext/1700629049/ES_PostList.o
 .debug_aranges
                0x000000b8       0x20 build/default/production/_ext/1700629049/ES_Queue.o
 .debug_aranges
                0x000000d8       0x18 build/default/production/_ext/1700629049/ES_TattleTale.o
 .debug_aranges
                0x000000f0       0x20 build/default/production/_ext/1700629049/ES_Timers.o
 .debug_aranges
                0x00000110       0x20 build/default/production/_ext/1700629049/pwm.o
 .debug_aranges
                0x00000130       0x20 build/default/production/_ext/1700629049/Robot.o
 .debug_aranges
                0x00000150       0x20 build/default/production/_ext/1772898800/RobotHSM.o
 .debug_aranges
                0x00000170       0x20 build/default/production/_ext/1772898800/SubHSM_Pursue.o
 .debug_aranges
                0x00000190       0x20 build/default/production/_ext/1772898800/SubHSM_Destroy.o
 .debug_aranges
                0x000001b0       0x20 build/default/production/_ext/1772898800/SubHSM_Escape.o
 .debug_aranges
                0x000001d0       0x20 build/default/production/_ext/1772898800/RobotBumper.o
 .debug_aranges
                0x000001f0       0x20 build/default/production/_ext/1772898800/TapeSensor.o
 .debug_aranges
                0x00000210       0x20 build/default/production/_ext/1772898800/TrackWire.o
 .debug_aranges
                0x00000230       0x20 build/default/production/_ext/331920610/serial.o
 .debug_aranges
                0x00000250       0x20 build/default/production/_ext/399613070/Main.o
 .debug_aranges
                0x00000270       0x20 build/default/production/_ext/1772898800/Beacon.o
 .debug_aranges
                0x00000290       0x20 build/default/production/_ext/1772898800/SubHSM_Lookout.o
 .debug_aranges
                0x000002b0       0x20 build/default/production/_ext/1772898800/SubHSM_Search.o
 .debug_aranges
                0x000002d0       0x20 c:/program files (x86)/microchip/xc32/v2.20/bin/bin/../../lib/gcc/pic32mx/4.8.3/../../../../pic32mx/lib\libmchp_peripheral_32MX320F128H.a(int_configure_system_lib.o)
 .debug_aranges
                0x000002f0       0x20 c:/program files (x86)/microchip/xc32/v2.20/bin/bin/../../lib/gcc/pic32mx/4.8.3/../../../../pic32mx/lib\libmchp_peripheral_32MX320F128H.a(int_enable_interrupts_lib.o)
 .debug_aranges
                0x00000310       0x60 c:/program files (x86)/microchip/xc32/v2.20/bin/bin/../../lib/gcc/pic32mx/4.8.3/../../../../pic32mx/lib\libmchp_peripheral_32MX320F128H.a(int_tbl_lib.o)
 .debug_aranges
                0x00000370       0x20 c:/program files (x86)/microchip/xc32/v2.20/bin/bin/../../lib/gcc/pic32mx/4.8.3/../../../../pic32mx/lib\libmchp_peripheral_32MX320F128H.a(power_sleep_lib.o)
 .debug_aranges
                0x00000390       0x20 c:/program files (x86)/microchip/xc32/v2.20/bin/bin/../../lib/gcc/pic32mx/4.8.3/../../../../pic32mx/lib\libmchp_peripheral_32MX320F128H.a(port_set_pins_digital_in_lib.o)
 .debug_aranges
                0x000003b0       0x58 c:/program files (x86)/microchip/xc32/v2.20/bin/bin/../../lib/gcc/pic32mx/4.8.3/../../../../pic32mx/lib\libmchp_peripheral_32MX320F128H.a(uart_lib.o)
 .debug_aranges
                0x00000408       0x20 c:/program files (x86)/microchip/xc32/v2.20/bin/bin/../../lib/gcc/pic32mx/4.8.3/../../../../pic32mx/lib\libmchp_peripheral_32MX320F128H.a(int_disable_interrupts_lib.o)
 .debug_aranges
                0x00000428       0x20 c:/program files (x86)/microchip/xc32/v2.20/bin/bin/../../lib/gcc/pic32mx/4.8.3/../../../../pic32mx/lib\libmchp_peripheral_32MX320F128H.a(int_restore_interrupts_lib.o)
 .debug_aranges
                0x00000448       0x20 c:/program files (x86)/microchip/xc32/v2.20/bin/bin/../../lib/gcc/pic32mx/4.8.3\libgcc.a(floatunsisf.o)
 .debug_aranges
                0x00000468       0x20 c:/program files (x86)/microchip/xc32/v2.20/bin/bin/../../lib/gcc/pic32mx/4.8.3/../../../../pic32mx/lib\libpic32.a(default-bootstrap-exception-handler.o)
 .debug_aranges
                0x00000488       0x20 c:/program files (x86)/microchip/xc32/v2.20/bin/bin/../../lib/gcc/pic32mx/4.8.3/../../../../pic32mx/lib\libpic32.a(default-on-reset.o)
 .debug_aranges
                0x000004a8       0x20 c:/program files (x86)/microchip/xc32/v2.20/bin/bin/../../lib/gcc/pic32mx/4.8.3/../../../../pic32mx/lib\libpic32.a(default-on-bootstrap.o)
 .debug_aranges
                0x000004c8       0x20 c:/program files (x86)/microchip/xc32/v2.20/bin/bin/../../lib/gcc/pic32mx/4.8.3/../../../../pic32mx/lib\libpic32.a(default-general-exception-handler.o)
 .debug_aranges
                0x000004e8       0x20 c:/program files (x86)/microchip/xc32/v2.20/bin/bin/../../lib/gcc/pic32mx/4.8.3/../../../../pic32mx/lib\libpic32.a(defaultinterrupt.o)
 .debug_aranges
                0x00000508       0x20 c:/program files (x86)/microchip/xc32/v2.20/bin/bin/../../lib/gcc/pic32mx/4.8.3\libgcc.a(_udivdi3.o)
 .debug_aranges
                0x00000528       0x20 c:/program files (x86)/microchip/xc32/v2.20/bin/bin/../../lib/gcc/pic32mx/4.8.3\libgcc.a(_umoddi3.o)
 .debug_aranges
                0x00000548       0x20 c:/program files (x86)/microchip/xc32/v2.20/bin/bin/../../lib/gcc/pic32mx/4.8.3/../../../../pic32mx/lib\libpic32.a(_mon_write.o)

.debug_pubnames
 *(.debug_pubnames)

.debug_info     0x00000000     0xcbf1
 *(.debug_info .gnu.linkonce.wi.*)
 .debug_info    0x00000000      0xe4f build/default/production/_ext/1700629049/AD.o
 .debug_info    0x00000e4f     0x10c9 build/default/production/_ext/1700629049/BOARD.o
 .debug_info    0x00001f18      0x25b build/default/production/_ext/1700629049/ES_CheckEvents.o
 .debug_info    0x00002173      0x860 build/default/production/_ext/1700629049/ES_Framework.o
 .debug_info    0x000029d3      0x666 build/default/production/_ext/1700629049/ES_KeyboardInput.o
 .debug_info    0x00003039      0x16c build/default/production/_ext/1700629049/ES_PostList.o
 .debug_info    0x000031a5      0x60a build/default/production/_ext/1700629049/ES_Queue.o
 .debug_info    0x000037af      0x28c build/default/production/_ext/1700629049/ES_TattleTale.o
 .debug_info    0x00003a3b      0x8c1 build/default/production/_ext/1700629049/ES_Timers.o
 .debug_info    0x000042fc      0x9de build/default/production/_ext/1700629049/pwm.o
 .debug_info    0x00004cda      0xbfb build/default/production/_ext/1700629049/Robot.o
 .debug_info    0x000058d5      0x5d4 build/default/production/_ext/1772898800/RobotHSM.o
 .debug_info    0x00005ea9      0x65b build/default/production/_ext/1772898800/SubHSM_Pursue.o
 .debug_info    0x00006504      0x602 build/default/production/_ext/1772898800/SubHSM_Destroy.o
 .debug_info    0x00006b06      0x5a7 build/default/production/_ext/1772898800/SubHSM_Escape.o
 .debug_info    0x000070ad      0x573 build/default/production/_ext/1772898800/RobotBumper.o
 .debug_info    0x00007620      0x59f build/default/production/_ext/1772898800/TapeSensor.o
 .debug_info    0x00007bbf      0x533 build/default/production/_ext/1772898800/TrackWire.o
 .debug_info    0x000080f2     0x1c7a build/default/production/_ext/331920610/serial.o
 .debug_info    0x00009d6c      0x222 build/default/production/_ext/399613070/Main.o
 .debug_info    0x00009f8e      0x51a build/default/production/_ext/1772898800/Beacon.o
 .debug_info    0x0000a4a8      0x55c build/default/production/_ext/1772898800/SubHSM_Lookout.o
 .debug_info    0x0000aa04      0x57e build/default/production/_ext/1772898800/SubHSM_Search.o
 .debug_info    0x0000af82       0xb0 c:/program files (x86)/microchip/xc32/v2.20/bin/bin/../../lib/gcc/pic32mx/4.8.3/../../../../pic32mx/lib\libmchp_peripheral_32MX320F128H.a(int_configure_system_lib.o)
 .debug_info    0x0000b032       0xb2 c:/program files (x86)/microchip/xc32/v2.20/bin/bin/../../lib/gcc/pic32mx/4.8.3/../../../../pic32mx/lib\libmchp_peripheral_32MX320F128H.a(int_enable_interrupts_lib.o)
 .debug_info    0x0000b0e4      0x19c c:/program files (x86)/microchip/xc32/v2.20/bin/bin/../../lib/gcc/pic32mx/4.8.3/../../../../pic32mx/lib\libmchp_peripheral_32MX320F128H.a(int_tbl_lib.o)
 .debug_info    0x0000b280       0xa5 c:/program files (x86)/microchip/xc32/v2.20/bin/bin/../../lib/gcc/pic32mx/4.8.3/../../../../pic32mx/lib\libmchp_peripheral_32MX320F128H.a(power_sleep_lib.o)
 .debug_info    0x0000b325       0xb8 c:/program files (x86)/microchip/xc32/v2.20/bin/bin/../../lib/gcc/pic32mx/4.8.3/../../../../pic32mx/lib\libmchp_peripheral_32MX320F128H.a(port_set_pins_digital_in_lib.o)
 .debug_info    0x0000b3dd      0x17a c:/program files (x86)/microchip/xc32/v2.20/bin/bin/../../lib/gcc/pic32mx/4.8.3/../../../../pic32mx/lib\libmchp_peripheral_32MX320F128H.a(uart_lib.o)
 .debug_info    0x0000b557       0xb4 c:/program files (x86)/microchip/xc32/v2.20/bin/bin/../../lib/gcc/pic32mx/4.8.3/../../../../pic32mx/lib\libmchp_peripheral_32MX320F128H.a(int_disable_interrupts_lib.o)
 .debug_info    0x0000b60b       0xb4 c:/program files (x86)/microchip/xc32/v2.20/bin/bin/../../lib/gcc/pic32mx/4.8.3/../../../../pic32mx/lib\libmchp_peripheral_32MX320F128H.a(int_restore_interrupts_lib.o)
 .debug_info    0x0000b6bf      0x129 c:/program files (x86)/microchip/xc32/v2.20/bin/bin/../../lib/gcc/pic32mx/4.8.3\libgcc.a(floatunsisf.o)
 .debug_info    0x0000b7e8       0xf4 c:/program files (x86)/microchip/xc32/v2.20/bin/bin/../../lib/gcc/pic32mx/4.8.3/../../../../pic32mx/lib\libpic32.a(default-bootstrap-exception-handler.o)
 .debug_info    0x0000b8dc       0xcd c:/program files (x86)/microchip/xc32/v2.20/bin/bin/../../lib/gcc/pic32mx/4.8.3/../../../../pic32mx/lib\libpic32.a(default-on-reset.o)
 .debug_info    0x0000b9a9       0xd5 c:/program files (x86)/microchip/xc32/v2.20/bin/bin/../../lib/gcc/pic32mx/4.8.3/../../../../pic32mx/lib\libpic32.a(default-on-bootstrap.o)
 .debug_info    0x0000ba7e       0xf0 c:/program files (x86)/microchip/xc32/v2.20/bin/bin/../../lib/gcc/pic32mx/4.8.3/../../../../pic32mx/lib\libpic32.a(default-general-exception-handler.o)
 .debug_info    0x0000bb6e       0xe7 c:/program files (x86)/microchip/xc32/v2.20/bin/bin/../../lib/gcc/pic32mx/4.8.3/../../../../pic32mx/lib\libpic32.a(defaultinterrupt.o)
 .debug_info    0x0000bc55      0x74b c:/program files (x86)/microchip/xc32/v2.20/bin/bin/../../lib/gcc/pic32mx/4.8.3\libgcc.a(_udivdi3.o)
 .debug_info    0x0000c3a0      0x788 c:/program files (x86)/microchip/xc32/v2.20/bin/bin/../../lib/gcc/pic32mx/4.8.3\libgcc.a(_umoddi3.o)
 .debug_info    0x0000cb28       0xc9 c:/program files (x86)/microchip/xc32/v2.20/bin/bin/../../lib/gcc/pic32mx/4.8.3/../../../../pic32mx/lib\libpic32.a(_mon_write.o)

.debug_abbrev   0x00000000     0x1e35
 *(.debug_abbrev)
 .debug_abbrev  0x00000000      0x192 build/default/production/_ext/1700629049/AD.o
 .debug_abbrev  0x00000192      0x16b build/default/production/_ext/1700629049/BOARD.o
 .debug_abbrev  0x000002fd       0xa3 build/default/production/_ext/1700629049/ES_CheckEvents.o
 .debug_abbrev  0x000003a0      0x169 build/default/production/_ext/1700629049/ES_Framework.o
 .debug_abbrev  0x00000509      0x18c build/default/production/_ext/1700629049/ES_KeyboardInput.o
 .debug_abbrev  0x00000695       0x4c build/default/production/_ext/1700629049/ES_PostList.o
 .debug_abbrev  0x000006e1       0xf6 build/default/production/_ext/1700629049/ES_Queue.o
 .debug_abbrev  0x000007d7       0xc8 build/default/production/_ext/1700629049/ES_TattleTale.o
 .debug_abbrev  0x0000089f      0x1c5 build/default/production/_ext/1700629049/ES_Timers.o
 .debug_abbrev  0x00000a64      0x1b3 build/default/production/_ext/1700629049/pwm.o
 .debug_abbrev  0x00000c17      0x121 build/default/production/_ext/1700629049/Robot.o
 .debug_abbrev  0x00000d38       0xf9 build/default/production/_ext/1772898800/RobotHSM.o
 .debug_abbrev  0x00000e31       0xc9 build/default/production/_ext/1772898800/SubHSM_Pursue.o
 .debug_abbrev  0x00000efa       0xea build/default/production/_ext/1772898800/SubHSM_Destroy.o
 .debug_abbrev  0x00000fe4       0xfb build/default/production/_ext/1772898800/SubHSM_Escape.o
 .debug_abbrev  0x000010df       0xe7 build/default/production/_ext/1772898800/RobotBumper.o
 .debug_abbrev  0x000011c6       0xe7 build/default/production/_ext/1772898800/TapeSensor.o
 .debug_abbrev  0x000012ad       0xe7 build/default/production/_ext/1772898800/TrackWire.o
 .debug_abbrev  0x00001394      0x274 build/default/production/_ext/331920610/serial.o
 .debug_abbrev  0x00001608       0x8d build/default/production/_ext/399613070/Main.o
 .debug_abbrev  0x00001695       0xe7 build/default/production/_ext/1772898800/Beacon.o
 .debug_abbrev  0x0000177c       0xc9 build/default/production/_ext/1772898800/SubHSM_Lookout.o
 .debug_abbrev  0x00001845       0xc9 build/default/production/_ext/1772898800/SubHSM_Search.o
 .debug_abbrev  0x0000190e       0x28 c:/program files (x86)/microchip/xc32/v2.20/bin/bin/../../lib/gcc/pic32mx/4.8.3/../../../../pic32mx/lib\libmchp_peripheral_32MX320F128H.a(int_configure_system_lib.o)
 .debug_abbrev  0x00001936       0x28 c:/program files (x86)/microchip/xc32/v2.20/bin/bin/../../lib/gcc/pic32mx/4.8.3/../../../../pic32mx/lib\libmchp_peripheral_32MX320F128H.a(int_enable_interrupts_lib.o)
 .debug_abbrev  0x0000195e       0x28 c:/program files (x86)/microchip/xc32/v2.20/bin/bin/../../lib/gcc/pic32mx/4.8.3/../../../../pic32mx/lib\libmchp_peripheral_32MX320F128H.a(int_tbl_lib.o)
 .debug_abbrev  0x00001986       0x28 c:/program files (x86)/microchip/xc32/v2.20/bin/bin/../../lib/gcc/pic32mx/4.8.3/../../../../pic32mx/lib\libmchp_peripheral_32MX320F128H.a(power_sleep_lib.o)
 .debug_abbrev  0x000019ae       0x28 c:/program files (x86)/microchip/xc32/v2.20/bin/bin/../../lib/gcc/pic32mx/4.8.3/../../../../pic32mx/lib\libmchp_peripheral_32MX320F128H.a(port_set_pins_digital_in_lib.o)
 .debug_abbrev  0x000019d6       0x3e c:/program files (x86)/microchip/xc32/v2.20/bin/bin/../../lib/gcc/pic32mx/4.8.3/../../../../pic32mx/lib\libmchp_peripheral_32MX320F128H.a(uart_lib.o)
 .debug_abbrev  0x00001a14       0x28 c:/program files (x86)/microchip/xc32/v2.20/bin/bin/../../lib/gcc/pic32mx/4.8.3/../../../../pic32mx/lib\libmchp_peripheral_32MX320F128H.a(int_disable_interrupts_lib.o)
 .debug_abbrev  0x00001a3c       0x28 c:/program files (x86)/microchip/xc32/v2.20/bin/bin/../../lib/gcc/pic32mx/4.8.3/../../../../pic32mx/lib\libmchp_peripheral_32MX320F128H.a(int_restore_interrupts_lib.o)
 .debug_abbrev  0x00001a64       0x62 c:/program files (x86)/microchip/xc32/v2.20/bin/bin/../../lib/gcc/pic32mx/4.8.3\libgcc.a(floatunsisf.o)
 .debug_abbrev  0x00001ac6       0x28 c:/program files (x86)/microchip/xc32/v2.20/bin/bin/../../lib/gcc/pic32mx/4.8.3/../../../../pic32mx/lib\libpic32.a(default-bootstrap-exception-handler.o)
 .debug_abbrev  0x00001aee       0x28 c:/program files (x86)/microchip/xc32/v2.20/bin/bin/../../lib/gcc/pic32mx/4.8.3/../../../../pic32mx/lib\libpic32.a(default-on-reset.o)
 .debug_abbrev  0x00001b16       0x28 c:/program files (x86)/microchip/xc32/v2.20/bin/bin/../../lib/gcc/pic32mx/4.8.3/../../../../pic32mx/lib\libpic32.a(default-on-bootstrap.o)
 .debug_abbrev  0x00001b3e       0x28 c:/program files (x86)/microchip/xc32/v2.20/bin/bin/../../lib/gcc/pic32mx/4.8.3/../../../../pic32mx/lib\libpic32.a(default-general-exception-handler.o)
 .debug_abbrev  0x00001b66       0x28 c:/program files (x86)/microchip/xc32/v2.20/bin/bin/../../lib/gcc/pic32mx/4.8.3/../../../../pic32mx/lib\libpic32.a(defaultinterrupt.o)
 .debug_abbrev  0x00001b8e      0x138 c:/program files (x86)/microchip/xc32/v2.20/bin/bin/../../lib/gcc/pic32mx/4.8.3\libgcc.a(_udivdi3.o)
 .debug_abbrev  0x00001cc6      0x147 c:/program files (x86)/microchip/xc32/v2.20/bin/bin/../../lib/gcc/pic32mx/4.8.3\libgcc.a(_umoddi3.o)
 .debug_abbrev  0x00001e0d       0x28 c:/program files (x86)/microchip/xc32/v2.20/bin/bin/../../lib/gcc/pic32mx/4.8.3/../../../../pic32mx/lib\libpic32.a(_mon_write.o)

.debug_line     0x00000000     0x33a9
 *(.debug_line)
 .debug_line    0x00000000      0x2b0 build/default/production/_ext/1700629049/AD.o
 .debug_line    0x000002b0      0x260 build/default/production/_ext/1700629049/BOARD.o
 .debug_line    0x00000510      0x1ab build/default/production/_ext/1700629049/ES_CheckEvents.o
 .debug_line    0x000006bb      0x225 build/default/production/_ext/1700629049/ES_Framework.o
 .debug_line    0x000008e0      0x218 build/default/production/_ext/1700629049/ES_KeyboardInput.o
 .debug_line    0x00000af8       0x59 build/default/production/_ext/1700629049/ES_PostList.o
 .debug_line    0x00000b51      0x1d6 build/default/production/_ext/1700629049/ES_Queue.o
 .debug_line    0x00000d27      0x107 build/default/production/_ext/1700629049/ES_TattleTale.o
 .debug_line    0x00000e2e      0x22d build/default/production/_ext/1700629049/ES_Timers.o
 .debug_line    0x0000105b      0x28d build/default/production/_ext/1700629049/pwm.o
 .debug_line    0x000012e8      0x193 build/default/production/_ext/1700629049/Robot.o
 .debug_line    0x0000147b      0x1db build/default/production/_ext/1772898800/RobotHSM.o
 .debug_line    0x00001656      0x287 build/default/production/_ext/1772898800/SubHSM_Pursue.o
 .debug_line    0x000018dd      0x1cb build/default/production/_ext/1772898800/SubHSM_Destroy.o
 .debug_line    0x00001aa8      0x1a4 build/default/production/_ext/1772898800/SubHSM_Escape.o
 .debug_line    0x00001c4c      0x1c6 build/default/production/_ext/1772898800/RobotBumper.o
 .debug_line    0x00001e12      0x1b8 build/default/production/_ext/1772898800/TapeSensor.o
 .debug_line    0x00001fca      0x19e build/default/production/_ext/1772898800/TrackWire.o
 .debug_line    0x00002168      0x2a3 build/default/production/_ext/331920610/serial.o
 .debug_line    0x0000240b       0xf8 build/default/production/_ext/399613070/Main.o
 .debug_line    0x00002503      0x197 build/default/production/_ext/1772898800/Beacon.o
 .debug_line    0x0000269a      0x1a7 build/default/production/_ext/1772898800/SubHSM_Lookout.o
 .debug_line    0x00002841      0x1d6 build/default/production/_ext/1772898800/SubHSM_Search.o
 .debug_line    0x00002a17       0x6e c:/program files (x86)/microchip/xc32/v2.20/bin/bin/../../lib/gcc/pic32mx/4.8.3/../../../../pic32mx/lib\libmchp_peripheral_32MX320F128H.a(int_configure_system_lib.o)
 .debug_line    0x00002a85       0x6f c:/program files (x86)/microchip/xc32/v2.20/bin/bin/../../lib/gcc/pic32mx/4.8.3/../../../../pic32mx/lib\libmchp_peripheral_32MX320F128H.a(int_enable_interrupts_lib.o)
 .debug_line    0x00002af4       0x61 c:/program files (x86)/microchip/xc32/v2.20/bin/bin/../../lib/gcc/pic32mx/4.8.3/../../../../pic32mx/lib\libmchp_peripheral_32MX320F128H.a(int_tbl_lib.o)
 .debug_line    0x00002b55       0x67 c:/program files (x86)/microchip/xc32/v2.20/bin/bin/../../lib/gcc/pic32mx/4.8.3/../../../../pic32mx/lib\libmchp_peripheral_32MX320F128H.a(power_sleep_lib.o)
 .debug_line    0x00002bbc       0x74 c:/program files (x86)/microchip/xc32/v2.20/bin/bin/../../lib/gcc/pic32mx/4.8.3/../../../../pic32mx/lib\libmchp_peripheral_32MX320F128H.a(port_set_pins_digital_in_lib.o)
 .debug_line    0x00002c30        0x0 c:/program files (x86)/microchip/xc32/v2.20/bin/bin/../../lib/gcc/pic32mx/4.8.3/../../../../pic32mx/lib\libmchp_peripheral_32MX320F128H.a(_ports_tbl_libp.o)
 .debug_line    0x00002c30       0x5f c:/program files (x86)/microchip/xc32/v2.20/bin/bin/../../lib/gcc/pic32mx/4.8.3/../../../../pic32mx/lib\libmchp_peripheral_32MX320F128H.a(uart_lib.o)
 .debug_line    0x00002c8f       0x70 c:/program files (x86)/microchip/xc32/v2.20/bin/bin/../../lib/gcc/pic32mx/4.8.3/../../../../pic32mx/lib\libmchp_peripheral_32MX320F128H.a(int_disable_interrupts_lib.o)
 .debug_line    0x00002cff       0x70 c:/program files (x86)/microchip/xc32/v2.20/bin/bin/../../lib/gcc/pic32mx/4.8.3/../../../../pic32mx/lib\libmchp_peripheral_32MX320F128H.a(int_restore_interrupts_lib.o)
 .debug_line    0x00002d6f       0x94 c:/program files (x86)/microchip/xc32/v2.20/bin/bin/../../lib/gcc/pic32mx/4.8.3\libgcc.a(floatunsisf.o)
 .debug_line    0x00002e03       0xa6 c:/program files (x86)/microchip/xc32/v2.20/bin/bin/../../lib/gcc/pic32mx/4.8.3/../../../../pic32mx/lib\libpic32.a(default-bootstrap-exception-handler.o)
 .debug_line    0x00002ea9       0x93 c:/program files (x86)/microchip/xc32/v2.20/bin/bin/../../lib/gcc/pic32mx/4.8.3/../../../../pic32mx/lib\libpic32.a(default-on-reset.o)
 .debug_line    0x00002f3c       0x97 c:/program files (x86)/microchip/xc32/v2.20/bin/bin/../../lib/gcc/pic32mx/4.8.3/../../../../pic32mx/lib\libpic32.a(default-on-bootstrap.o)
 .debug_line    0x00002fd3       0xa4 c:/program files (x86)/microchip/xc32/v2.20/bin/bin/../../lib/gcc/pic32mx/4.8.3/../../../../pic32mx/lib\libpic32.a(default-general-exception-handler.o)
 .debug_line    0x00003077       0xa5 c:/program files (x86)/microchip/xc32/v2.20/bin/bin/../../lib/gcc/pic32mx/4.8.3/../../../../pic32mx/lib\libpic32.a(defaultinterrupt.o)
 .debug_line    0x0000311c       0xf7 c:/program files (x86)/microchip/xc32/v2.20/bin/bin/../../lib/gcc/pic32mx/4.8.3\libgcc.a(_udivdi3.o)
 .debug_line    0x00003213      0x109 c:/program files (x86)/microchip/xc32/v2.20/bin/bin/../../lib/gcc/pic32mx/4.8.3\libgcc.a(_umoddi3.o)
 .debug_line    0x0000331c       0x8d c:/program files (x86)/microchip/xc32/v2.20/bin/bin/../../lib/gcc/pic32mx/4.8.3/../../../../pic32mx/lib\libpic32.a(_mon_write.o)

.debug_frame    0x00000000     0x10e8
 *(.debug_frame)
 .debug_frame   0x00000000      0x16c build/default/production/_ext/1700629049/AD.o
 .debug_frame   0x0000016c       0x6c build/default/production/_ext/1700629049/BOARD.o
 .debug_frame   0x000001d8       0x2c build/default/production/_ext/1700629049/ES_CheckEvents.o
 .debug_frame   0x00000204       0xac build/default/production/_ext/1700629049/ES_Framework.o
 .debug_frame   0x000002b0       0x88 build/default/production/_ext/1700629049/ES_KeyboardInput.o
 .debug_frame   0x00000338       0x8c build/default/production/_ext/1700629049/ES_Queue.o
 .debug_frame   0x000003c4      0x12c build/default/production/_ext/1700629049/ES_Timers.o
 .debug_frame   0x000004f0      0x128 build/default/production/_ext/1700629049/pwm.o
 .debug_frame   0x00000618      0x104 build/default/production/_ext/1700629049/Robot.o
 .debug_frame   0x0000071c       0x70 build/default/production/_ext/1772898800/RobotHSM.o
 .debug_frame   0x0000078c       0x50 build/default/production/_ext/1772898800/SubHSM_Pursue.o
 .debug_frame   0x000007dc       0x50 build/default/production/_ext/1772898800/SubHSM_Destroy.o
 .debug_frame   0x0000082c       0x50 build/default/production/_ext/1772898800/SubHSM_Escape.o
 .debug_frame   0x0000087c       0x70 build/default/production/_ext/1772898800/RobotBumper.o
 .debug_frame   0x000008ec       0x70 build/default/production/_ext/1772898800/TapeSensor.o
 .debug_frame   0x0000095c       0x70 build/default/production/_ext/1772898800/TrackWire.o
 .debug_frame   0x000009cc      0x29c build/default/production/_ext/331920610/serial.o
 .debug_frame   0x00000c68       0x2c build/default/production/_ext/399613070/Main.o
 .debug_frame   0x00000c94       0x70 build/default/production/_ext/1772898800/Beacon.o
 .debug_frame   0x00000d04       0x50 build/default/production/_ext/1772898800/SubHSM_Lookout.o
 .debug_frame   0x00000d54       0x50 build/default/production/_ext/1772898800/SubHSM_Search.o
 .debug_frame   0x00000da4       0x20 c:/program files (x86)/microchip/xc32/v2.20/bin/bin/../../lib/gcc/pic32mx/4.8.3/../../../../pic32mx/lib\libmchp_peripheral_32MX320F128H.a(int_configure_system_lib.o)
 .debug_frame   0x00000dc4       0x20 c:/program files (x86)/microchip/xc32/v2.20/bin/bin/../../lib/gcc/pic32mx/4.8.3/../../../../pic32mx/lib\libmchp_peripheral_32MX320F128H.a(int_enable_interrupts_lib.o)
 .debug_frame   0x00000de4       0xa0 c:/program files (x86)/microchip/xc32/v2.20/bin/bin/../../lib/gcc/pic32mx/4.8.3/../../../../pic32mx/lib\libmchp_peripheral_32MX320F128H.a(int_tbl_lib.o)
 .debug_frame   0x00000e84       0x28 c:/program files (x86)/microchip/xc32/v2.20/bin/bin/../../lib/gcc/pic32mx/4.8.3/../../../../pic32mx/lib\libmchp_peripheral_32MX320F128H.a(power_sleep_lib.o)
 .debug_frame   0x00000eac       0x20 c:/program files (x86)/microchip/xc32/v2.20/bin/bin/../../lib/gcc/pic32mx/4.8.3/../../../../pic32mx/lib\libmchp_peripheral_32MX320F128H.a(port_set_pins_digital_in_lib.o)
 .debug_frame   0x00000ecc       0x90 c:/program files (x86)/microchip/xc32/v2.20/bin/bin/../../lib/gcc/pic32mx/4.8.3/../../../../pic32mx/lib\libmchp_peripheral_32MX320F128H.a(uart_lib.o)
 .debug_frame   0x00000f5c       0x20 c:/program files (x86)/microchip/xc32/v2.20/bin/bin/../../lib/gcc/pic32mx/4.8.3/../../../../pic32mx/lib\libmchp_peripheral_32MX320F128H.a(int_disable_interrupts_lib.o)
 .debug_frame   0x00000f7c       0x20 c:/program files (x86)/microchip/xc32/v2.20/bin/bin/../../lib/gcc/pic32mx/4.8.3/../../../../pic32mx/lib\libmchp_peripheral_32MX320F128H.a(int_restore_interrupts_lib.o)
 .debug_frame   0x00000f9c       0x28 c:/program files (x86)/microchip/xc32/v2.20/bin/bin/../../lib/gcc/pic32mx/4.8.3\libgcc.a(floatunsisf.o)
 .debug_frame   0x00000fc4       0x2c c:/program files (x86)/microchip/xc32/v2.20/bin/bin/../../lib/gcc/pic32mx/4.8.3/../../../../pic32mx/lib\libpic32.a(default-bootstrap-exception-handler.o)
 .debug_frame   0x00000ff0       0x20 c:/program files (x86)/microchip/xc32/v2.20/bin/bin/../../lib/gcc/pic32mx/4.8.3/../../../../pic32mx/lib\libpic32.a(default-on-reset.o)
 .debug_frame   0x00001010       0x20 c:/program files (x86)/microchip/xc32/v2.20/bin/bin/../../lib/gcc/pic32mx/4.8.3/../../../../pic32mx/lib\libpic32.a(default-on-bootstrap.o)
 .debug_frame   0x00001030       0x2c c:/program files (x86)/microchip/xc32/v2.20/bin/bin/../../lib/gcc/pic32mx/4.8.3/../../../../pic32mx/lib\libpic32.a(default-general-exception-handler.o)
 .debug_frame   0x0000105c       0x20 c:/program files (x86)/microchip/xc32/v2.20/bin/bin/../../lib/gcc/pic32mx/4.8.3/../../../../pic32mx/lib\libpic32.a(defaultinterrupt.o)
 .debug_frame   0x0000107c       0x20 c:/program files (x86)/microchip/xc32/v2.20/bin/bin/../../lib/gcc/pic32mx/4.8.3\libgcc.a(_udivdi3.o)
 .debug_frame   0x0000109c       0x20 c:/program files (x86)/microchip/xc32/v2.20/bin/bin/../../lib/gcc/pic32mx/4.8.3\libgcc.a(_umoddi3.o)
 .debug_frame   0x000010bc       0x2c c:/program files (x86)/microchip/xc32/v2.20/bin/bin/../../lib/gcc/pic32mx/4.8.3/../../../../pic32mx/lib\libpic32.a(_mon_write.o)

.debug_str      0x00000000       0x9f
 *(.debug_str)
 .debug_str     0x00000000        0x0 build/default/production/_ext/1700629049/AD.o
 .debug_str     0x00000000        0x0 build/default/production/_ext/1700629049/BOARD.o
 .debug_str     0x00000000        0x0 build/default/production/_ext/1700629049/ES_CheckEvents.o
 .debug_str     0x00000000        0xa build/default/production/_ext/1700629049/ES_Framework.o
 .debug_str     0x0000000a        0xa build/default/production/_ext/1700629049/ES_KeyboardInput.o
 .debug_str     0x00000014        0x0 build/default/production/_ext/1700629049/ES_PostList.o
 .debug_str     0x00000014       0x12 build/default/production/_ext/1700629049/ES_Queue.o
 .debug_str     0x00000026        0x0 build/default/production/_ext/1700629049/ES_TattleTale.o
 .debug_str     0x00000026        0x9 build/default/production/_ext/1700629049/ES_Timers.o
 .debug_str     0x0000002f       0x26 build/default/production/_ext/1700629049/pwm.o
 .debug_str     0x00000055        0x9 build/default/production/_ext/1700629049/Robot.o
 .debug_str     0x0000005e        0xa build/default/production/_ext/1772898800/RobotHSM.o
 .debug_str     0x00000068        0x0 build/default/production/_ext/1772898800/SubHSM_Pursue.o
 .debug_str     0x00000068        0xf build/default/production/_ext/1772898800/SubHSM_Destroy.o
 .debug_str     0x00000077        0x0 build/default/production/_ext/1772898800/SubHSM_Escape.o
 .debug_str     0x00000077        0xa build/default/production/_ext/1772898800/RobotBumper.o
 .debug_str     0x00000081        0xa build/default/production/_ext/1772898800/TapeSensor.o
 .debug_str     0x0000008b        0xa build/default/production/_ext/1772898800/TrackWire.o
 .debug_str     0x00000095        0x0 build/default/production/_ext/331920610/serial.o
 .debug_str     0x00000095        0x0 build/default/production/_ext/399613070/Main.o
 .debug_str     0x00000095        0xa build/default/production/_ext/1772898800/Beacon.o
 .debug_str     0x0000009f        0x0 build/default/production/_ext/1772898800/SubHSM_Lookout.o
 .debug_str     0x0000009f        0x0 build/default/production/_ext/1772898800/SubHSM_Search.o
 .debug_str     0x0000009f        0x0 c:/program files (x86)/microchip/xc32/v2.20/bin/bin/../../lib/gcc/pic32mx/4.8.3/../../../../pic32mx/lib\libmchp_peripheral_32MX320F128H.a(int_configure_system_lib.o)
 .debug_str     0x0000009f        0x0 c:/program files (x86)/microchip/xc32/v2.20/bin/bin/../../lib/gcc/pic32mx/4.8.3/../../../../pic32mx/lib\libmchp_peripheral_32MX320F128H.a(int_enable_interrupts_lib.o)
 .debug_str     0x0000009f        0x0 c:/program files (x86)/microchip/xc32/v2.20/bin/bin/../../lib/gcc/pic32mx/4.8.3/../../../../pic32mx/lib\libmchp_peripheral_32MX320F128H.a(int_tbl_lib.o)
 .debug_str     0x0000009f        0x0 c:/program files (x86)/microchip/xc32/v2.20/bin/bin/../../lib/gcc/pic32mx/4.8.3/../../../../pic32mx/lib\libmchp_peripheral_32MX320F128H.a(power_sleep_lib.o)
 .debug_str     0x0000009f        0x0 c:/program files (x86)/microchip/xc32/v2.20/bin/bin/../../lib/gcc/pic32mx/4.8.3/../../../../pic32mx/lib\libmchp_peripheral_32MX320F128H.a(port_set_pins_digital_in_lib.o)
 .debug_str     0x0000009f        0x0 c:/program files (x86)/microchip/xc32/v2.20/bin/bin/../../lib/gcc/pic32mx/4.8.3/../../../../pic32mx/lib\libmchp_peripheral_32MX320F128H.a(_ports_tbl_libp.o)
 .debug_str     0x0000009f        0x0 c:/program files (x86)/microchip/xc32/v2.20/bin/bin/../../lib/gcc/pic32mx/4.8.3/../../../../pic32mx/lib\libmchp_peripheral_32MX320F128H.a(uart_lib.o)
 .debug_str     0x0000009f        0x0 c:/program files (x86)/microchip/xc32/v2.20/bin/bin/../../lib/gcc/pic32mx/4.8.3/../../../../pic32mx/lib\libmchp_peripheral_32MX320F128H.a(int_disable_interrupts_lib.o)
 .debug_str     0x0000009f        0x0 c:/program files (x86)/microchip/xc32/v2.20/bin/bin/../../lib/gcc/pic32mx/4.8.3/../../../../pic32mx/lib\libmchp_peripheral_32MX320F128H.a(int_restore_interrupts_lib.o)
 .debug_str     0x0000009f        0x0 c:/program files (x86)/microchip/xc32/v2.20/bin/bin/../../lib/gcc/pic32mx/4.8.3\libgcc.a(floatunsisf.o)
 .debug_str     0x0000009f        0x0 c:/program files (x86)/microchip/xc32/v2.20/bin/bin/../../lib/gcc/pic32mx/4.8.3/../../../../pic32mx/lib\libpic32.a(default-bootstrap-exception-handler.o)
 .debug_str     0x0000009f        0x0 c:/program files (x86)/microchip/xc32/v2.20/bin/bin/../../lib/gcc/pic32mx/4.8.3/../../../../pic32mx/lib\libpic32.a(default-on-reset.o)
 .debug_str     0x0000009f        0x0 c:/program files (x86)/microchip/xc32/v2.20/bin/bin/../../lib/gcc/pic32mx/4.8.3/../../../../pic32mx/lib\libpic32.a(default-on-bootstrap.o)
 .debug_str     0x0000009f        0x0 c:/program files (x86)/microchip/xc32/v2.20/bin/bin/../../lib/gcc/pic32mx/4.8.3/../../../../pic32mx/lib\libpic32.a(default-general-exception-handler.o)
 .debug_str     0x0000009f        0x0 c:/program files (x86)/microchip/xc32/v2.20/bin/bin/../../lib/gcc/pic32mx/4.8.3/../../../../pic32mx/lib\libpic32.a(defaultinterrupt.o)
 .debug_str     0x0000009f        0x0 c:/program files (x86)/microchip/xc32/v2.20/bin/bin/../../lib/gcc/pic32mx/4.8.3\libgcc.a(_udivdi3.o)
 .debug_str     0x0000009f        0x0 c:/program files (x86)/microchip/xc32/v2.20/bin/bin/../../lib/gcc/pic32mx/4.8.3\libgcc.a(_umoddi3.o)
 .debug_str     0x0000009f        0x0 c:/program files (x86)/microchip/xc32/v2.20/bin/bin/../../lib/gcc/pic32mx/4.8.3/../../../../pic32mx/lib\libpic32.a(_mon_write.o)

.debug_loc      0x00000000     0x1593
 *(.debug_loc)
 .debug_loc     0x00000000       0x74 c:/program files (x86)/microchip/xc32/v2.20/bin/bin/../../lib/gcc/pic32mx/4.8.3\libgcc.a(floatunsisf.o)
 .debug_loc     0x00000074       0x2c c:/program files (x86)/microchip/xc32/v2.20/bin/bin/../../lib/gcc/pic32mx/4.8.3/../../../../pic32mx/lib\libpic32.a(default-bootstrap-exception-handler.o)
 .debug_loc     0x000000a0       0x2c c:/program files (x86)/microchip/xc32/v2.20/bin/bin/../../lib/gcc/pic32mx/4.8.3/../../../../pic32mx/lib\libpic32.a(default-general-exception-handler.o)
 .debug_loc     0x000000cc      0xa6a c:/program files (x86)/microchip/xc32/v2.20/bin/bin/../../lib/gcc/pic32mx/4.8.3\libgcc.a(_udivdi3.o)
 .debug_loc     0x00000b36      0xa3d c:/program files (x86)/microchip/xc32/v2.20/bin/bin/../../lib/gcc/pic32mx/4.8.3\libgcc.a(_umoddi3.o)
 .debug_loc     0x00001573       0x20 c:/program files (x86)/microchip/xc32/v2.20/bin/bin/../../lib/gcc/pic32mx/4.8.3/../../../../pic32mx/lib\libpic32.a(_mon_write.o)

.debug_macinfo
 *(.debug_macinfo)

.debug_weaknames
 *(.debug_weaknames)

.debug_funcnames
 *(.debug_funcnames)

.debug_typenames
 *(.debug_typenames)

.debug_varnames
 *(.debug_varnames)

.debug_pubtypes
 *(.debug_pubtypes)

.debug_ranges   0x00000000      0x2c8
 *(.debug_ranges)
 .debug_ranges  0x00000000       0x10 c:/program files (x86)/microchip/xc32/v2.20/bin/bin/../../lib/gcc/pic32mx/4.8.3/../../../../pic32mx/lib\libmchp_peripheral_32MX320F128H.a(int_configure_system_lib.o)
 .debug_ranges  0x00000010       0x10 c:/program files (x86)/microchip/xc32/v2.20/bin/bin/../../lib/gcc/pic32mx/4.8.3/../../../../pic32mx/lib\libmchp_peripheral_32MX320F128H.a(int_enable_interrupts_lib.o)
 .debug_ranges  0x00000020       0x50 c:/program files (x86)/microchip/xc32/v2.20/bin/bin/../../lib/gcc/pic32mx/4.8.3/../../../../pic32mx/lib\libmchp_peripheral_32MX320F128H.a(int_tbl_lib.o)
 .debug_ranges  0x00000070       0x10 c:/program files (x86)/microchip/xc32/v2.20/bin/bin/../../lib/gcc/pic32mx/4.8.3/../../../../pic32mx/lib\libmchp_peripheral_32MX320F128H.a(power_sleep_lib.o)
 .debug_ranges  0x00000080       0x10 c:/program files (x86)/microchip/xc32/v2.20/bin/bin/../../lib/gcc/pic32mx/4.8.3/../../../../pic32mx/lib\libmchp_peripheral_32MX320F128H.a(port_set_pins_digital_in_lib.o)
 .debug_ranges  0x00000090       0x48 c:/program files (x86)/microchip/xc32/v2.20/bin/bin/../../lib/gcc/pic32mx/4.8.3/../../../../pic32mx/lib\libmchp_peripheral_32MX320F128H.a(uart_lib.o)
 .debug_ranges  0x000000d8       0x10 c:/program files (x86)/microchip/xc32/v2.20/bin/bin/../../lib/gcc/pic32mx/4.8.3/../../../../pic32mx/lib\libmchp_peripheral_32MX320F128H.a(int_disable_interrupts_lib.o)
 .debug_ranges  0x000000e8       0x10 c:/program files (x86)/microchip/xc32/v2.20/bin/bin/../../lib/gcc/pic32mx/4.8.3/../../../../pic32mx/lib\libmchp_peripheral_32MX320F128H.a(int_restore_interrupts_lib.o)
 .debug_ranges  0x000000f8       0x10 c:/program files (x86)/microchip/xc32/v2.20/bin/bin/../../lib/gcc/pic32mx/4.8.3/../../../../pic32mx/lib\libpic32.a(default-bootstrap-exception-handler.o)
 .debug_ranges  0x00000108       0x10 c:/program files (x86)/microchip/xc32/v2.20/bin/bin/../../lib/gcc/pic32mx/4.8.3/../../../../pic32mx/lib\libpic32.a(default-on-reset.o)
 .debug_ranges  0x00000118       0x10 c:/program files (x86)/microchip/xc32/v2.20/bin/bin/../../lib/gcc/pic32mx/4.8.3/../../../../pic32mx/lib\libpic32.a(default-on-bootstrap.o)
 .debug_ranges  0x00000128       0x10 c:/program files (x86)/microchip/xc32/v2.20/bin/bin/../../lib/gcc/pic32mx/4.8.3/../../../../pic32mx/lib\libpic32.a(default-general-exception-handler.o)
 .debug_ranges  0x00000138       0x10 c:/program files (x86)/microchip/xc32/v2.20/bin/bin/../../lib/gcc/pic32mx/4.8.3/../../../../pic32mx/lib\libpic32.a(defaultinterrupt.o)
 .debug_ranges  0x00000148       0x98 c:/program files (x86)/microchip/xc32/v2.20/bin/bin/../../lib/gcc/pic32mx/4.8.3\libgcc.a(_udivdi3.o)
 .debug_ranges  0x000001e0       0xd8 c:/program files (x86)/microchip/xc32/v2.20/bin/bin/../../lib/gcc/pic32mx/4.8.3\libgcc.a(_umoddi3.o)
 .debug_ranges  0x000002b8       0x10 c:/program files (x86)/microchip/xc32/v2.20/bin/bin/../../lib/gcc/pic32mx/4.8.3/../../../../pic32mx/lib\libpic32.a(_mon_write.o)

.gnu.attributes
                0x00000000       0x10
 *(.gnu.attributes)
 .gnu.attributes
                0x00000000       0x10 build/default/production/_ext/1700629049/AD.o
 .gnu.attributes
                0x00000010       0x10 build/default/production/_ext/1700629049/BOARD.o
 .gnu.attributes
                0x00000020       0x10 build/default/production/_ext/1700629049/ES_CheckEvents.o
 .gnu.attributes
                0x00000030       0x10 build/default/production/_ext/1700629049/ES_Framework.o
 .gnu.attributes
                0x00000040       0x10 build/default/production/_ext/1700629049/ES_KeyboardInput.o
 .gnu.attributes
                0x00000050       0x10 build/default/production/_ext/1700629049/ES_PostList.o
 .gnu.attributes
                0x00000060       0x10 build/default/production/_ext/1700629049/ES_Queue.o
 .gnu.attributes
                0x00000070       0x10 build/default/production/_ext/1700629049/ES_TattleTale.o
 .gnu.attributes
                0x00000080       0x10 build/default/production/_ext/1700629049/ES_Timers.o
 .gnu.attributes
                0x00000090       0x10 build/default/production/_ext/1700629049/pwm.o
 .gnu.attributes
                0x000000a0       0x10 build/default/production/_ext/1700629049/Robot.o
 .gnu.attributes
                0x000000b0       0x10 build/default/production/_ext/1772898800/RobotHSM.o
 .gnu.attributes
                0x000000c0       0x10 build/default/production/_ext/1772898800/SubHSM_Pursue.o
 .gnu.attributes
                0x000000d0       0x10 build/default/production/_ext/1772898800/SubHSM_Destroy.o
 .gnu.attributes
                0x000000e0       0x10 build/default/production/_ext/1772898800/SubHSM_Escape.o
 .gnu.attributes
                0x000000f0       0x10 build/default/production/_ext/1772898800/RobotBumper.o
 .gnu.attributes
                0x00000100       0x10 build/default/production/_ext/1772898800/TapeSensor.o
 .gnu.attributes
                0x00000110       0x10 build/default/production/_ext/1772898800/TrackWire.o
 .gnu.attributes
                0x00000120       0x10 build/default/production/_ext/331920610/serial.o
 .gnu.attributes
                0x00000130       0x10 build/default/production/_ext/399613070/Main.o
 .gnu.attributes
                0x00000140       0x10 build/default/production/_ext/1772898800/Beacon.o
 .gnu.attributes
                0x00000150       0x10 build/default/production/_ext/1772898800/SubHSM_Lookout.o
 .gnu.attributes
                0x00000160       0x10 build/default/production/_ext/1772898800/SubHSM_Search.o
 .gnu.attributes
                0x00000170       0x10 c:/program files (x86)/microchip/xc32/v2.20/bin/bin/../../lib/gcc/pic32mx/4.8.3/../../../../pic32mx/lib\libmchp_peripheral_32MX320F128H.a(int_configure_system_lib.o)
 .gnu.attributes
                0x00000180       0x10 c:/program files (x86)/microchip/xc32/v2.20/bin/bin/../../lib/gcc/pic32mx/4.8.3/../../../../pic32mx/lib\libmchp_peripheral_32MX320F128H.a(int_enable_interrupts_lib.o)
 .gnu.attributes
                0x00000190       0x10 c:/program files (x86)/microchip/xc32/v2.20/bin/bin/../../lib/gcc/pic32mx/4.8.3/../../../../pic32mx/lib\libmchp_peripheral_32MX320F128H.a(int_tbl_lib.o)
 .gnu.attributes
                0x000001a0       0x10 c:/program files (x86)/microchip/xc32/v2.20/bin/bin/../../lib/gcc/pic32mx/4.8.3/../../../../pic32mx/lib\libmchp_peripheral_32MX320F128H.a(power_sleep_lib.o)
 .gnu.attributes
                0x000001b0       0x10 c:/program files (x86)/microchip/xc32/v2.20/bin/bin/../../lib/gcc/pic32mx/4.8.3/../../../../pic32mx/lib\libmchp_peripheral_32MX320F128H.a(port_set_pins_digital_in_lib.o)
 .gnu.attributes
                0x000001c0       0x10 c:/program files (x86)/microchip/xc32/v2.20/bin/bin/../../lib/gcc/pic32mx/4.8.3/../../../../pic32mx/lib\libmchp_peripheral_32MX320F128H.a(_ports_tbl_libp.o)
 .gnu.attributes
                0x000001d0       0x10 c:/program files (x86)/microchip/xc32/v2.20/bin/bin/../../lib/gcc/pic32mx/4.8.3/../../../../pic32mx/lib\libmchp_peripheral_32MX320F128H.a(uart_lib.o)
 .gnu.attributes
                0x000001e0       0x10 c:/program files (x86)/microchip/xc32/v2.20/bin/bin/../../lib/gcc/pic32mx/4.8.3/../../../../pic32mx/lib\libmchp_peripheral_32MX320F128H.a(int_disable_interrupts_lib.o)
 .gnu.attributes
                0x000001f0       0x10 c:/program files (x86)/microchip/xc32/v2.20/bin/bin/../../lib/gcc/pic32mx/4.8.3/../../../../pic32mx/lib\libmchp_peripheral_32MX320F128H.a(int_restore_interrupts_lib.o)
 .gnu.attributes
                0x00000200       0x10 c:/program files (x86)/microchip/xc32/v2.20/bin/bin/../../lib/gcc/pic32mx/4.8.3\libgcc.a(floatunsisf.o)
 .gnu.attributes
                0x00000210       0x10 c:/program files (x86)/microchip/xc32/v2.20/bin/bin/../../lib/gcc/pic32mx/4.8.3/../../../../pic32mx/lib\libpic32.a(default-bootstrap-exception-handler.o)
 .gnu.attributes
                0x00000220       0x10 c:/program files (x86)/microchip/xc32/v2.20/bin/bin/../../lib/gcc/pic32mx/4.8.3/../../../../pic32mx/lib\libpic32.a(default-on-reset.o)
 .gnu.attributes